******************************************************************************
                  TI ARM Linker PC v20.2.6                     
******************************************************************************
>> Linked Tue Sep  6 18:56:50 2022

OUTPUT FILE NAME:   <pwmled2_CC3220S_LAUNCHXL_nortos_ccs.out>
ENTRY POINT SYMBOL: "resetISR"  address: 2000ec3d


MEMORY CONFIGURATION

         name            origin    length      used     unused   attr    fill
----------------------  --------  ---------  --------  --------  ----  --------
  SRAM2                 20000000   00004000  0000130c  00002cf4  RW X
  SRAM                  20004000   0003c000  0000bb8a  00030476  RW X
  LOG_DATA              90000000   00040000  00000000  00040000  R   


SEGMENT ALLOCATION MAP

run origin  load origin   length   init length attrs members
----------  ----------- ---------- ----------- ----- -------
20003000    20003000    00001000   00000000    rw-
  20003000    20003000    00001000   00000000    rw- .stack
20004000    20004000    00000040   00000040    r--
  20004000    20004000    00000040   00000040    r-- .resetVecs
20004040    20004040    00008000   00000000    rw-
  20004040    20004040    00008000   00000000    rw- .sysmem
2000c040    2000c040    00002e66   00002e66    r-x
  2000c040    2000c040    00002e66   00002e66    r-x .text
2000eea8    2000eea8    0000061f   00000000    rw-
  2000eea8    2000eea8    0000061f   00000000    rw- .data
2000f4c8    2000f4c8    00000321   00000321    r--
  2000f4c8    2000f4c8    00000321   00000321    r-- .const
2000f7f0    2000f7f0    000002bc   00000000    rw-
  2000f7f0    2000f7f0    000002bc   00000000    rw- .bss
2000fab0    2000fab0    000000e8   000000e8    r--
  2000fab0    2000fab0    000000e8   000000e8    r-- .cinit


SECTION ALLOCATION MAP

 output                                  attributes/
section   page    origin      length       input sections
--------  ----  ----------  ----------   ----------------
.text      0    2000c040    00002e66     
                  2000c040    0000042c     driverlib.a : prcm.obj (.text:PRCMCC3200MCUInit)
                  2000c46c    000001a0     nortos_cc32xx.a : PowerCC32XX_nortos.oem4 (.text:PowerCC32XX_sleepPolicy)
                  2000c60c    00000154     drivers_cc32xx.a : GPIOCC32XX.oem4 (.text:GPIO_setConfig)
                  2000c760    00000148                      : PowerCC32XX.oem4 (.text:parkPins)
                  2000c8a8    00000140                      : PWMTimerCC32XX.oem4 (.text:PWMTimerCC32XX_setDutyAndPeriod)
                  2000c9e8    00000138                      : PowerCC32XX.oem4 (.text:Power_sleep)
                  2000cb20    00000100     rtsv7M4_T_le_eabi.lib : memory.c.obj (.text:aligned_alloc)
                  2000cc20    000000fc                           : fd_mul_t2.asm.obj (.text)
                  2000cd1c    000000f0     drivers_cc32xx.a : PWMTimerCC32XX.oem4 (.text:PWMTimerCC32XX_open)
                  2000ce0c    000000e4     rtsv7M4_T_le_eabi.lib : memory.c.obj (.text:free)
                  2000cef0    000000d8     pwmled2.obj (.text:mainThread)
                  2000cfc8    000000c4     drivers_cc32xx.a : PWMTimerCC32XX.oem4 (.text:PWMTimerCC32XX_stop)
                  2000d08c    000000c0                      : PowerCC32XX.oem4 (.text:restoreParkedPins)
                  2000d14c    000000b8                      : PWMTimerCC32XX.oem4 (.text:PWMTimerCC32XX_setDuty)
                  2000d204    000000a8     driverlib.a : interrupt.obj (.text:IntEnable)
                  2000d2ac    000000a8     drivers_cc32xx.a : PowerCC32XX.oem4 (.text:PowerCC32XX_configureWakeup)
                  2000d354    000000a4                      : PWMTimerCC32XX.oem4 (.text:initHw)
                  2000d3f8    000000a0     nortos_cc32xx.a : SemaphoreP_nortos.oem4 (.text:SemaphoreP_pend)
                  2000d498    0000009c     rtsv7M4_T_le_eabi.lib : memcpy_t2.asm.obj (.text)
                  2000d534    00000098     drivers_cc32xx.a : PWMTimerCC32XX.oem4 (.text:PWMTimerCC32XX_setPeriod)
                  2000d5cc    00000096     rtsv7M4_T_le_eabi.lib : ull_div_t2.asm.obj (.text)
                  2000d662    00000002     ti_drivers_config.obj (.text:Board_initHook)
                  2000d664    00000090     drivers_cc32xx.a : GPIOCC32XX.oem4 (.text:GPIO_init)
                  2000d6f4    00000090                      : PowerCC32XX.oem4 (.text:restoreNVICRegs)
                  2000d784    0000008c     nortos_cc32xx.a : HwiPCC32XX_nortos.oem4 (.text:HwiP_construct)
                  2000d810    00000088     driverlib.a : interrupt.obj (.text:IntPendSet)
                  2000d898    00000088     drivers_cc32xx.a : PWMTimerCC32XX.oem4 (.text:PWMTimerCC32XX_close)
                  2000d920    00000088     driverlib.a : pin.obj (.text:PinConfigSet)
                  2000d9a8    00000084     drivers_cc32xx.a : PowerCC32XX.oem4 (.text:Power_init)
                  2000da2c    00000084                      : PowerCC32XX.oem4 (.text:saveNVICRegs)
                  2000dab0    00000080                      : PowerCC32XX.oem4 (.text:Power_setDependency)
                  2000db30    00000074                      : GPIOCC32XX.oem4 (.text:powerNotifyFxn)
                  2000dba4    00000070     rtsv7M4_T_le_eabi.lib : memory.c.obj (.text:split)
                  2000dc14    00000068     drivers_cc32xx.a : PWMTimerCC32XX.oem4 (.text:PWMTimerCC32XX_start)
                  2000dc7c    00000068     rtsv7M4_T_le_eabi.lib : copy_decompress_lzss.c.obj (.text:decompress:lzss:__TI_decompress_lzss)
                  2000dce4    00000064     drivers_cc32xx.a : GPIOCC32XX.oem4 (.text:GPIO_setInterruptConfig)
                  2000dd48    00000064                      : PowerCC32XX.oem4 (.text:PowerCC32XX_setParkState)
                  2000ddac    00000060                      : GPIOCC32XX.oem4 (.text:GPIO_hwiIntFxn)
                  2000de0c    00000060     driverlib.a : prcm.obj (.text:PRCMSysResetCauseGet)
                  2000de6c    00000060     nortos_cc32xx.a : ClockPSysTick_nortos.oem4 (.text:getTimeUsec)
                  2000decc    0000005c                     : ClockPSysTick_nortos.oem4 (.text:sysTickInit)
                  2000df28    00000058     driverlib.a : prcm.obj (.text:PRCMPeripheralReset)
                  2000df80    00000058     drivers_cc32xx.a : PowerCC32XX.oem4 (.text:Power_releaseDependency)
                  2000dfd8    00000052                      : PowerCC32XX_asm.oem4 (.text:PowerCC32XX_resumeLPDS)
                  2000e02a    00000002                      : PWMTimerCC32XX.oem4 (.text:PWMTimerCC32XX_init)
                  2000e02c    00000050     nortos_cc32xx.a : ClockPSysTick_nortos.oem4 (.text:ClockP_sysTickHandler)
                  2000e07c    00000050                     : SemaphoreP_nortos.oem4 (.text:SemaphoreP_construct)
                  2000e0cc    00000050     drivers_cc32xx.a : TimerCC32XX.oem4 (.text:TimerCC32XX_allocateTimerResource)
                  2000e11c    0000004c                      : PowerCC32XX.oem4 (.text:PowerCC32XX_parkPin)
                  2000e168    0000004c                      : PWMTimerCC32XX.oem4 (.text:getDutyCounts)
                  2000e1b4    0000004c                      : PWMTimerCC32XX.oem4 (.text:getPeriodCounts)
                  2000e200    0000004c                      : PowerCC32XX.oem4 (.text:restorePeriphClocks)
                  2000e24c    00000048     nortos_cc32xx.a : ClockPSysTick_nortos.oem4 (.text:ClockP_usleep)
                  2000e294    00000048     driverlib.a : flash.obj (.text:FlashDisable)
                  2000e2dc    00000048     drivers_cc32xx.a : GPIOCC32XX.oem4 (.text:GPIO_disableInt)
                  2000e324    00000048                      : GPIOCC32XX.oem4 (.text:GPIO_enableInt)
                  2000e36c    00000048     driverlib.a : prcm.obj (.text:PRCMLPDSEnter)
                  2000e3b4    00000048                 : prcm.obj (.text:PRCMPeripheralClkEnable)
                  2000e3fc    00000048     drivers_cc32xx.a : PowerCC32XX.oem4 (.text:Power_releaseConstraint)
                  2000e444    00000044     nortos_cc32xx.a : ClockPSysTick_nortos.oem4 (.text:ClockP_stop)
                  2000e488    00000044     driverlib.a : prcm.obj (.text:PRCMLPDSRestoreInfoSet)
                  2000e4cc    00000044     drivers_cc32xx.a : PWM.oem4 (.text:PWM_init)
                  2000e510    00000044                      : PowerCC32XX_asm.oem4 (.text:PowerCC32XX_enterLPDS)
                  2000e554    00000044     nortos_cc32xx.a : SemaphoreP_nortos.oem4 (.text:SemaphoreP_post)
                  2000e598    00000044                     : SwiP_nortos.oem4 (.text:SwiP_restore)
                  2000e5dc    00000044     rtsv7M4_T_le_eabi.lib : autoinit.c.obj (.text:__TI_auto_init_nobinit_nopinit:__TI_auto_init_nobinit_nopinit)
                  2000e620    00000044                           : fd_tou_t2.asm.obj (.text)
                  2000e664    00000040     drivers_cc32xx.a : PWM.oem4 (.text:PWM_open)
                  2000e6a4    00000040     driverlib.a : pin.obj (.text:PinModeSet)
                  2000e6e4    0000003c     nortos_cc32xx.a : ClockPSysTick_nortos.oem4 (.text:ClockP_destruct)
                  2000e720    0000003c     drivers_cc32xx.a : PowerCC32XX.oem4 (.text:Power_setConstraint)
                  2000e75c    0000003a     nortos_cc32xx.a : PowerCC32XX_nortos.oem4 (.text:getCountsRTC)
                  2000e796    0000003a     drivers_cc32xx.a : PWMTimerCC32XX.oem4 (.text:getPowerMgrId)
                  2000e7d0    00000038     driverlib.a : prcm.obj (.text:PRCMLPDSEnterKeepDebugIf)
                  2000e808    00000038     nortos_cc32xx.a : ClockPSysTick_nortos.oem4 (.text:addToList)
                  2000e840    00000038                     : startup_cc32xx_ccs.oem4 (.text:initVectors)
                  2000e878    00000038     drivers_cc32xx.a : PowerCC32XX.oem4 (.text:notify)
                  2000e8b0    00000034     nortos_cc32xx.a : ClockPSysTick_nortos.oem4 (.text:ClockP_getTicksUntilInterrupt)
                  2000e8e4    00000034                     : ClockPSysTick_nortos.oem4 (.text:ClockP_startup)
                  2000e918    00000034     driverlib.a : pin.obj (.text:PinModeGet)
                  2000e94c    00000034     drivers_cc32xx.a : TimerCC32XX.oem4 (.text:TimerCC32XX_freeTimerResource)
                  2000e980    00000034                      : TimerCC32XX.oem4 (.text:getPowerMgrId)
                  2000e9b4    00000030     nortos_cc32xx.a : ClockPSysTick_nortos.oem4 (.text:ClockP_start)
                  2000e9e4    00000030     drivers_cc32xx.a : PowerCC32XX.oem4 (.text:PowerCC32XX_restoreParkedPin)
                  2000ea14    0000002a     nortos_cc32xx.a : HwiPCC32XX_nortos.oem4 (.text:HwiP_create)
                  2000ea3e    00000002                     : PowerCC32XX_nortos.oem4 (.text:PowerCC32XX_initPolicy)
                  2000ea40    00000028     driverlib.a : prcm.obj (.text:PRCMPeripheralClkDisable)
                  2000ea68    00000028     drivers_cc32xx.a : PowerCC32XX.oem4 (.text:Power_registerNotify)
                  2000ea90    00000028     rtsv7M4_T_le_eabi.lib : memory.c.obj (.text:free_list_insert)
                  2000eab8    00000026     drivers_cc32xx.a : List.oem4 (.text:List_put)
                  2000eade    00000026                      : List.oem4 (.text:List_remove)
                  2000eb04    00000024     nortos_cc32xx.a : HwiPCC32XX_nortos.oem4 (.text:HwiP_dispatch)
                  2000eb28    00000024     rtsv7M4_T_le_eabi.lib : boot_cortex_m.c.obj (.text:_c_int00_noargs:_c_int00_noargs)
                  2000eb4c    00000024     nortos_cc32xx.a : ClockPSysTick_nortos.oem4 (.text:sleepTicks)
                  2000eb70    00000020     drivers_cc32xx.a : PowerCC32XX.oem4 (.text:Power_unregisterNotify)
                  2000eb90    00000020     rtsv7M4_T_le_eabi.lib : u_tofd_t2.asm.obj (.text)
                  2000ebb0    0000001c     driverlib.a : pin.obj (.text:PinToPadGet)
                  2000ebcc    0000001c     nortos_cc32xx.a : SwiP_nortos.oem4 (.text:SwiP_disable)
                  2000ebe8    0000001c     rtsv7M4_T_le_eabi.lib : copy_zero_init.c.obj (.text:decompress:ZI:__TI_zero_init_nomemset:__TI_zero_init_nomemset)
                  2000ec04    0000001c                           : memory.c.obj (.text:free_list_remove)
                  2000ec20    0000001a     nortos_cc32xx.a : SemaphoreP_nortos.oem4 (.text:SemaphoreP_createBinary)
                  2000ec3a    00000002                     : SemaphoreP_nortos.oem4 (.text:SemaphoreP_destruct)
                  2000ec3c    0000001a                     : startup_cc32xx_ccs.oem4 (.text:resetISR)
                  2000ec56    00000002     rtsv7M4_T_le_eabi.lib : _lock.c.obj (.text:_nop)
                  2000ec58    00000018     drivers_cc32xx.a : PowerCC32XX.oem4 (.text:Power_getTransitionLatency)
                  2000ec70    00000018                      : PowerCC32XX.oem4 (.text:Power_idleFunc)
                  2000ec88    00000018     rtsv7M4_T_le_eabi.lib : ll_mul_t2.asm.obj (.text)
                  2000eca0    00000016     driverlib.a : prcm.obj (.text:PRCMHIBRegRead)
                  2000ecb6    00000016                 : prcm.obj (.text:PRCMHIBRegWrite)
                  2000eccc    00000016     nortos_cc32xx.a : SemaphoreP_nortos.oem4 (.text:SemaphoreP_create)
                  2000ece2    00000014     ti_drivers_config.obj (.text:Board_init)
                  2000ecf6    00000014     driverlib.a : cpu.obj (.text:CPUcpsid)
                  2000ed0a    00000002     nortos_cc32xx.a : startup_cc32xx_ccs.oem4 (.text:busFaultHandler)
                  2000ed0c    00000014                     : HwiPCC32XX_nortos.oem4 (.text:HwiP_inISR)
                  2000ed20    00000014     driverlib.a : interrupt.obj (.text:IntVTableBaseSet)
                  2000ed34    00000014     drivers_cc32xx.a : PWM.oem4 (.text:PWM_Params_init)
                  2000ed48    00000014                      : PowerCC32XX.oem4 (.text:Power_disablePolicy)
                  2000ed5c    00000014                      : PowerCC32XX.oem4 (.text:Power_getDependencyCount)
                  2000ed70    00000012     nortos_cc32xx.a : HwiPCC32XX_nortos.oem4 (.text:HwiP_Params_init)
                  2000ed82    00000012     main_nortos.obj (.text:main)
                  2000ed94    00000012     drivers_cc32xx.a : PWMTimerCC32XX.oem4 (.text:postNotifyFxn)
                  2000eda6    00000010     nortos_cc32xx.a : ClockPSysTick_nortos.oem4 (.text:ClockP_add)
                  2000edb6    00000002                     : SemaphoreP_nortos.oem4 (.text:clkFxn)
                  2000edb8    00000010                     : ClockPSysTick_nortos.oem4 (.text:ClockP_getCpuFreq)
                  2000edc8    00000010                     : ClockPSysTick_nortos.oem4 (.text:ClockP_getSystemTicks)
                  2000edd8    00000010                     : ClockPSysTick_nortos.oem4 (.text:ClockP_setTicks)
                  2000ede8    00000010                     : HwiPCC32XX_nortos.oem4 (.text:HwiP_restore)
                  2000edf8    00000010     drivers_cc32xx.a : PowerCC32XX.oem4 (.text:Power_enablePolicy)
                  2000ee08    00000010     nortos_cc32xx.a : SemaphoreP_nortos.oem4 (.text:SemaphoreP_Params_init)
                  2000ee18    0000000e                     : HwiPCC32XX_nortos.oem4 (.text:HwiP_disable)
                  2000ee26    0000000e                     : HwiPCC32XX_nortos.oem4 (.text:HwiP_enable)
                  2000ee34    0000000e     rtsv7M4_T_le_eabi.lib : copy_decompress_none.c.obj (.text:decompress:none:__TI_decompress_none)
                  2000ee42    00000002     nortos_cc32xx.a : startup_cc32xx_ccs.oem4 (.text:defaultHandler)
                  2000ee44    0000000c     drivers_cc32xx.a : PowerCC32XX.oem4 (.text:Power_getConstraintMask)
                  2000ee50    0000000a     nortos_cc32xx.a : ClockPSysTick_nortos.oem4 (.text:ClockP_isActive)
                  2000ee5a    0000000a     driverlib.a : interrupt.obj (.text:IntMasterDisable)
                  2000ee64    0000000a     drivers_cc32xx.a : PWM.oem4 (.text:PWM_setDuty)
                  2000ee6e    0000000a                      : PWM.oem4 (.text:PWM_start)
                  2000ee78    00000008     rtsv7M4_T_le_eabi.lib : memory.c.obj (.text:malloc)
                  2000ee80    00000006     drivers_cc32xx.a : PWMTimerCC32XX.oem4 (.text:PWMTimerCC32XX_control)
                  2000ee86    00000006     driverlib.a : utils.obj (.text:UtilsDelay)
                  2000ee8c    00000004     nortos_cc32xx.a : ClockPSysTick_nortos.oem4 (.text:ClockP_doTick)
                  2000ee90    00000004                     : HwiPCC32XX_nortos.oem4 (.text:HwiP_post)
                  2000ee94    00000004                     : SemaphoreP_nortos.oem4 (.text:SemaphoreP_delete)
                  2000ee98    00000004     rtsv7M4_T_le_eabi.lib : pre_init.c.obj (.text:_system_pre_init)
                  2000ee9c    00000004                           : exit.c.obj (.text:abort:abort)
                  2000eea0    00000002     nortos_cc32xx.a : startup_cc32xx_ccs.oem4 (.text:faultISR)
                  2000eea2    00000002                     : startup_cc32xx_ccs.oem4 (.text:nmiISR)
                  2000eea4    00000002     rtsv7M4_T_le_eabi.lib : div0.asm.obj (.text)

.const     0    2000f4c8    00000321     
                  2000f4c8    00000100     driverlib.a : pin.obj (.const:g_ulPinToPadMap)
                  2000f5c8    000000a8                 : prcm.obj (.const:PRCM_PeriphRegsList)
                  2000f670    00000044     ti_drivers_config.obj (.const:PowerCC32XX_config)
                  2000f6b4    00000028     drivers_cc32xx.a : GPIOCC32XX.oem4 (.const:portConfigs)
                  2000f6dc    00000024                      : PWMTimerCC32XX.oem4 (.const:PWMTimerCC32XX_fxnTable)
                  2000f700    00000021                      : GPIOCC32XX.oem4 (.const:.string:pinTable)
                  2000f721    00000003     --HOLE-- [fill = 0]
                  2000f724    00000020                      : PWMTimerCC32XX.oem4 (.const:gpioPinIndexes)
                  2000f744    00000018     ti_drivers_config.obj (.const:PWM_config)
                  2000f75c    00000018     drivers_cc32xx.a : PWM.oem4 (.const:PWM_defaultParams)
                  2000f774    00000018     driverlib.a : interrupt.obj (.const:g_pulEnRegs)
                  2000f78c    00000018                 : interrupt.obj (.const:g_pulPendRegs)
                  2000f7a4    00000010     ti_drivers_config.obj (.const:GPIO_config)
                  2000f7b4    00000010     drivers_cc32xx.a : PWMTimerCC32XX.oem4 (.const:gpioBaseAddresses)
                  2000f7c4    00000010                      : PWMTimerCC32XX.oem4 (.const:timerBaseAddresses)
                  2000f7d4    00000008     ti_drivers_config.obj (.const:pwmTimerCC32XXHWAttrs)
                  2000f7dc    00000008     drivers_cc32xx.a : PWMTimerCC32XX.oem4 (.const:timerHalves)
                  2000f7e4    00000005     ti_drivers_config.obj (.const)

.cinit     0    2000fab0    000000e8     
                  2000fab0    000000c0     (.cinit..data.load) [load image, compression = lzss]
                  2000fb70    0000000c     (__TI_handler_table)
                  2000fb7c    00000004     --HOLE-- [fill = 0]
                  2000fb80    00000008     (.cinit..bss.load) [load image, compression = zero_init]
                  2000fb88    00000010     (__TI_cinit_table)

.init_array 
*          0    20004000    00000000     UNINITIALIZED

.ramVecs   0    20000000    0000030c     NOLOAD SECTION
                  20000000    0000030c     nortos_cc32xx.a : startup_cc32xx_ccs.oem4 (.ramVecs)

.stack     0    20003000    00001000     UNINITIALIZED
                  20003000    00000004     rtsv7M4_T_le_eabi.lib : boot_cortex_m.c.obj (.stack)
                  20003004    00000ffc     --HOLE--

.resetVecs 
*          0    20004000    00000040     
                  20004000    00000040     nortos_cc32xx.a : startup_cc32xx_ccs.oem4 (.resetVecs:retain)

.sysmem    0    20004040    00008000     UNINITIALIZED
                  20004040    00000010     rtsv7M4_T_le_eabi.lib : memory.c.obj (.sysmem)
                  20004050    00007ff0     --HOLE--

.data      0    2000eea8    0000061f     UNINITIALIZED
                  2000eea8    0000030c     nortos_cc32xx.a : HwiPCC32XX_nortos.oem4 (.data:HwiP_dispatchTable)
                  2000f1b4    0000016c     drivers_cc32xx.a : PowerCC32XX.oem4 (.data:PowerCC32XX_module)
                  2000f320    000000f8     ti_drivers_config.obj (.data:parkInfo)
                  2000f418    00000084     ti_drivers_config.obj (.data:gpioPinConfigs)
                  2000f49c    00000008     rtsv7M4_T_le_eabi.lib : _lock.c.obj (.data:$O1$$)
                  2000f4a4    00000008                           : memory.c.obj (.data:$O1$$)
                  2000f4ac    00000008     nortos_cc32xx.a : SemaphoreP_nortos.oem4 (.data:SemaphoreP_defaultParams)
                  2000f4b4    00000008                     : HwiPCC32XX_nortos.oem4 (.data)
                  2000f4bc    00000005                     : ClockPSysTick_nortos.oem4 (.data)
                  2000f4c1    00000003                     : SemaphoreP_nortos.oem4 (.data)
                  2000f4c4    00000002     drivers_cc32xx.a : GPIOCC32XX.oem4 (.data)
                  2000f4c6    00000001                      : PWM.oem4 (.data)

.bss       0    2000f7f0    000002bc     UNINITIALIZED
                  2000f7f0    0000012c     (.common:PowerCC32XX_contextSave)
                  2000f91c    00000084     (.common:gpioCallbackFunctions)
                  2000f9a0    00000084     (.common:gpioUserArgs)
                  2000fa24    00000048     (.common:pwmTimerCC32XXObjects)
                  2000fa6c    00000014     drivers_cc32xx.a : GPIOCC32XX.oem4 (.bss:powerNotifyObj)
                  2000fa80    00000010     (.common:ClockP_ctrl)
                  2000fa90    0000000d     nortos_cc32xx.a : SwiP_nortos.oem4 (.bss)
                  2000fa9d    00000003     --HOLE--
                  2000faa0    00000004     drivers_cc32xx.a : GPIOCC32XX.oem4 (.bss)
                  2000faa4    00000004     nortos_cc32xx.a : ClockPSysTick_nortos.oem4 (.bss)
                  2000faa8    00000004     drivers_cc32xx.a : TimerCC32XX.oem4 (.bss:timerState)

.log_data 
*          0    90000000    00000000     COPY SECTION

__llvm_prf_cnts 
*          0    20004000    00000000     UNINITIALIZED

MODULE SUMMARY

       Module                       code    ro data   rw data
       ------                       ----    -------   -------
    .\
       pwmled2.obj                  216     0         0      
       main_nortos.obj              18      0         0      
    +--+----------------------------+-------+---------+---------+
       Total:                       234     0         0      
                                                             
    .\syscfg\
       ti_drivers_config.obj        22      121       716    
    +--+----------------------------+-------+---------+---------+
       Total:                       22      121       716    
                                                             
    C:/ti/simplelink_cc32xx_sdk_6_10_00_05/kernel/nortos/lib/ccs/m4/nortos_cc32xx.a
       HwiPCC32XX_nortos.oem4       304     0         788    
       startup_cc32xx_ccs.oem4      90      64        780    
       ClockPSysTick_nortos.oem4    790     0         25     
       PowerCC32XX_nortos.oem4      476     0         0      
       SemaphoreP_nortos.oem4       380     0         11     
       SwiP_nortos.oem4             96      0         13     
    +--+----------------------------+-------+---------+---------+
       Total:                       2136    64        1617   
                                                             
    C:/ti/simplelink_cc32xx_sdk_6_10_00_05/source/ti/devices/cc32xx/driverlib/ccs/Release/driverlib.a
       prcm.obj                     1604    168       0      
       pin.obj                      280     256       0      
       interrupt.obj                334     48        0      
       flash.obj                    72      0         0      
       cpu.obj                      20      0         0      
       utils.obj                    6       0         0      
    +--+----------------------------+-------+---------+---------+
       Total:                       2316    472       0      
                                                             
    C:/ti/simplelink_cc32xx_sdk_6_10_00_05/source/ti/drivers/lib/ccs/m4/drivers_cc32xx.a
       PowerCC32XX.oem4             2300    0         664    
       PWMTimerCC32XX.oem4          1732    108       0      
       GPIOCC32XX.oem4              940     73        26     
       PWM.oem4                     172     24        1      
       TimerCC32XX.oem4             184     0         4      
       PowerCC32XX_asm.oem4         150     0         0      
       List.oem4                    76      0         0      
    +--+----------------------------+-------+---------+---------+
       Total:                       5554    205       695    
                                                             
    F:\Programs\Texas Instruments\CCS\ccs\tools\compiler\ti-cgt-arm_20.2.6.LTS\lib\rtsv7M4_T_le_eabi.lib
       memory.c.obj                 672     0         8      
       fd_mul_t2.asm.obj            252     0         0      
       memcpy_t2.asm.obj            156     0         0      
       ull_div_t2.asm.obj           150     0         0      
       copy_decompress_lzss.c.obj   104     0         0      
       autoinit.c.obj               68      0         0      
       fd_tou_t2.asm.obj            68      0         0      
       boot_cortex_m.c.obj          36      0         0      
       u_tofd_t2.asm.obj            32      0         0      
       copy_zero_init.c.obj         28      0         0      
       ll_mul_t2.asm.obj            24      0         0      
       copy_decompress_none.c.obj   14      0         0      
       _lock.c.obj                  2       0         8      
       exit.c.obj                   4       0         0      
       pre_init.c.obj               4       0         0      
       div0.asm.obj                 2       0         0      
    +--+----------------------------+-------+---------+---------+
       Total:                       1616    0         16     
                                                             
       Heap:                        0       0         32768  
       Stack:                       0       0         4096   
       Linker Generated:            0       228       0      
    +--+----------------------------+-------+---------+---------+
       Grand Total:                 11878   1090      39908  


LINKER GENERATED COPY TABLES

__TI_cinit_table @ 2000fb88 records: 2, size/record: 8, table size: 16
	.data: load addr=2000fab0, load size=000000c0 bytes, run addr=2000eea8, run size=0000061f bytes, compression=lzss
	.bss: load addr=2000fb80, load size=00000008 bytes, run addr=2000f7f0, run size=000002bc bytes, compression=zero_init


LINKER GENERATED HANDLER TABLE

__TI_handler_table @ 2000fb70 records: 3, size/record: 4, table size: 12
	index: 0, handler: __TI_decompress_lzss
	index: 1, handler: __TI_decompress_none
	index: 2, handler: __TI_zero_init


GLOBAL SYMBOLS: SORTED ALPHABETICALLY BY Name 

address   name                             
-------   ----                             
2000ece3  Board_init                       
2000d663  Board_initHook                   
2000ee9d  C$$EXIT                          
2000f7e6  CONFIG_PWM_0_CONST               
2000f7e7  CONFIG_PWM_1_CONST               
2000ecf7  CPUcpsid                         
2000eda7  ClockP_add                       
2000fa80  ClockP_ctrl                      
2000e6e5  ClockP_destruct                  
2000ee8d  ClockP_doTick                    
2000edb9  ClockP_getCpuFreq                
2000edc9  ClockP_getSystemTicks            
2000e8b1  ClockP_getTicksUntilInterrupt    
2000ee51  ClockP_isActive                  
2000edd9  ClockP_setTicks                  
2000e9b5  ClockP_start                     
2000e8e5  ClockP_startup                   
2000e445  ClockP_stop                      
2000e02d  ClockP_sysTickHandler            
2000f4bc  ClockP_tickPeriod                
2000e24d  ClockP_usleep                    
2000e295  FlashDisable                     
2000f7a4  GPIO_config                      
2000e2dd  GPIO_disableInt                  
2000e325  GPIO_enableInt                   
2000ddad  GPIO_hwiIntFxn                   
2000d665  GPIO_init                        
2000f7e4  GPIO_pinLowerBound               
2000f7e5  GPIO_pinUpperBound               
2000c60d  GPIO_setConfig                   
2000dce5  GPIO_setInterruptConfig          
2000ed71  HwiP_Params_init                 
2000d785  HwiP_construct                   
2000ea15  HwiP_create                      
2000ee19  HwiP_disable                     
2000eb05  HwiP_dispatch                    
2000ee27  HwiP_enable                      
2000ed0d  HwiP_inISR                       
2000f4b4  HwiP_key                         
2000ee91  HwiP_post                        
2000ede9  HwiP_restore                     
2000f4b8  HwiP_swiPIntNum                  
UNDEFED   ITM_flush                        
UNDEFED   ITM_restore                      
2000d205  IntEnable                        
2000ee5b  IntMasterDisable                 
2000d811  IntPendSet                       
2000ed21  IntVTableBaseSet                 
2000eab9  List_put                         
2000eadf  List_remove                      
2000ee27  NoRTOS_start                     
2000c041  PRCMCC3200MCUInit                
2000eca1  PRCMHIBRegRead                   
2000ecb7  PRCMHIBRegWrite                  
2000e36d  PRCMLPDSEnter                    
2000e7d1  PRCMLPDSEnterKeepDebugIf         
2000e489  PRCMLPDSRestoreInfoSet           
2000ea41  PRCMPeripheralClkDisable         
2000e3b5  PRCMPeripheralClkEnable          
2000df29  PRCMPeripheralReset              
2000de0d  PRCMSysResetCauseGet             
2000d899  PWMTimerCC32XX_close             
2000ee81  PWMTimerCC32XX_control           
2000f6dc  PWMTimerCC32XX_fxnTable          
2000e02b  PWMTimerCC32XX_init              
2000cd1d  PWMTimerCC32XX_open              
2000d14d  PWMTimerCC32XX_setDuty           
2000c8a9  PWMTimerCC32XX_setDutyAndPeriod  
2000d535  PWMTimerCC32XX_setPeriod         
2000dc15  PWMTimerCC32XX_start             
2000cfc9  PWMTimerCC32XX_stop              
2000ed35  PWM_Params_init                  
2000f744  PWM_config                       
2000f7e8  PWM_count                        
2000f75c  PWM_defaultParams                
2000e4cd  PWM_init                         
2000e665  PWM_open                         
2000ee65  PWM_setDuty                      
2000ee6f  PWM_start                        
2000d921  PinConfigSet                     
2000e919  PinModeGet                       
2000e6a5  PinModeSet                       
2000ebb1  PinToPadGet                      
2000f670  PowerCC32XX_config               
2000d2ad  PowerCC32XX_configureWakeup      
2000f7f0  PowerCC32XX_contextSave          
2000e511  PowerCC32XX_enterLPDS            
2000ea3f  PowerCC32XX_initPolicy           
2000f1b4  PowerCC32XX_module               
2000e11d  PowerCC32XX_parkPin              
2000e9e5  PowerCC32XX_restoreParkedPin     
2000dfd9  PowerCC32XX_resumeLPDS           
2000dd49  PowerCC32XX_setParkState         
2000c46d  PowerCC32XX_sleepPolicy          
2000ed49  Power_disablePolicy              
2000edf9  Power_enablePolicy               
2000ee45  Power_getConstraintMask          
2000ed5d  Power_getDependencyCount         
2000ec59  Power_getTransitionLatency       
2000ec71  Power_idleFunc                   
2000d9a9  Power_init                       
2000ea69  Power_registerNotify             
2000e3fd  Power_releaseConstraint          
2000df81  Power_releaseDependency          
2000e721  Power_setConstraint              
2000dab1  Power_setDependency              
2000c9e9  Power_sleep                      
2000eb71  Power_unregisterNotify           
2000ee09  SemaphoreP_Params_init           
2000e07d  SemaphoreP_construct             
2000eccd  SemaphoreP_create                
2000ec21  SemaphoreP_createBinary          
2000f4ac  SemaphoreP_defaultParams         
2000ee95  SemaphoreP_delete                
2000ec3b  SemaphoreP_destruct              
2000d3f9  SemaphoreP_pend                  
2000e555  SemaphoreP_post                  
2000ebcd  SwiP_disable                     
2000e599  SwiP_restore                     
2000e0cd  TimerCC32XX_allocateTimerResource
2000e94d  TimerCC32XX_freeTimerResource    
2000ee87  UtilsDelay                       
20004000  __STACK_END                      
00001000  __STACK_SIZE                     
00008000  __SYSMEM_SIZE                    
2000fb88  __TI_CINIT_Base                  
2000fb98  __TI_CINIT_Limit                 
2000fb70  __TI_Handler_Table_Base          
2000fb7c  __TI_Handler_Table_Limit         
2000e5dd  __TI_auto_init_nobinit_nopinit   
2000dc7d  __TI_decompress_lzss             
2000ee35  __TI_decompress_none             
ffffffff  __TI_pprof_out_hndl              
ffffffff  __TI_prof_data_size              
ffffffff  __TI_prof_data_start             
2000fab0  __TI_static_base__               
2000ebe9  __TI_zero_init_nomemset          
2000e621  __aeabi_d2uiz                    
2000cc21  __aeabi_dmul                     
2000eea5  __aeabi_idiv0                    
2000eea5  __aeabi_ldiv0                    
2000ec89  __aeabi_lmul                     
2000d499  __aeabi_memcpy                   
2000d499  __aeabi_memcpy4                  
2000d499  __aeabi_memcpy8                  
2000eb91  __aeabi_ui2d                     
2000d5cd  __aeabi_uldivmod                 
ffffffff  __binit__                        
ffffffff  __c_args__                       
UNDEFED   __mpu_init                       
20003000  __stack                          
20004000  __start___llvm_prf_cnts          
20004000  __stop___llvm_prf_cnts           
2000eb29  _c_int00_noargs                  
2000f49c  _lock                            
2000ec57  _nop                             
20004040  _sys_memory                      
UNDEFED   _system_post_cinit               
2000ee99  _system_pre_init                 
2000f4a0  _unlock                          
2000ee9d  abort                            
2000cb21  aligned_alloc                    
ffffffff  binit                            
2000edb7  clkFxn                           
2000ce0d  free                             
2000f91c  gpioCallbackFunctions            
2000f418  gpioPinConfigs                   
2000f9a0  gpioUserArgs                     
2000e841  initVectors                      
2000ed83  main                             
2000cef1  mainThread                       
2000ee79  malloc                           
2000cb21  memalign                         
2000d499  memcpy                           
2000f320  parkInfo                         
2000f7d4  pwmTimerCC32XXHWAttrs            
2000fa24  pwmTimerCC32XXObjects            
2000ec3d  resetISR                         
2000ec50  resetVectorAddr                  
20004000  resetVectors                     
2000e24d  usleep                           


GLOBAL SYMBOLS: SORTED BY Symbol Address 

address   name                             
-------   ----                             
00001000  __STACK_SIZE                     
00008000  __SYSMEM_SIZE                    
20003000  __stack                          
20004000  __STACK_END                      
20004000  __start___llvm_prf_cnts          
20004000  __stop___llvm_prf_cnts           
20004000  resetVectors                     
20004040  _sys_memory                      
2000c041  PRCMCC3200MCUInit                
2000c46d  PowerCC32XX_sleepPolicy          
2000c60d  GPIO_setConfig                   
2000c8a9  PWMTimerCC32XX_setDutyAndPeriod  
2000c9e9  Power_sleep                      
2000cb21  aligned_alloc                    
2000cb21  memalign                         
2000cc21  __aeabi_dmul                     
2000cd1d  PWMTimerCC32XX_open              
2000ce0d  free                             
2000cef1  mainThread                       
2000cfc9  PWMTimerCC32XX_stop              
2000d14d  PWMTimerCC32XX_setDuty           
2000d205  IntEnable                        
2000d2ad  PowerCC32XX_configureWakeup      
2000d3f9  SemaphoreP_pend                  
2000d499  __aeabi_memcpy                   
2000d499  __aeabi_memcpy4                  
2000d499  __aeabi_memcpy8                  
2000d499  memcpy                           
2000d535  PWMTimerCC32XX_setPeriod         
2000d5cd  __aeabi_uldivmod                 
2000d663  Board_initHook                   
2000d665  GPIO_init                        
2000d785  HwiP_construct                   
2000d811  IntPendSet                       
2000d899  PWMTimerCC32XX_close             
2000d921  PinConfigSet                     
2000d9a9  Power_init                       
2000dab1  Power_setDependency              
2000dc15  PWMTimerCC32XX_start             
2000dc7d  __TI_decompress_lzss             
2000dce5  GPIO_setInterruptConfig          
2000dd49  PowerCC32XX_setParkState         
2000ddad  GPIO_hwiIntFxn                   
2000de0d  PRCMSysResetCauseGet             
2000df29  PRCMPeripheralReset              
2000df81  Power_releaseDependency          
2000dfd9  PowerCC32XX_resumeLPDS           
2000e02b  PWMTimerCC32XX_init              
2000e02d  ClockP_sysTickHandler            
2000e07d  SemaphoreP_construct             
2000e0cd  TimerCC32XX_allocateTimerResource
2000e11d  PowerCC32XX_parkPin              
2000e24d  ClockP_usleep                    
2000e24d  usleep                           
2000e295  FlashDisable                     
2000e2dd  GPIO_disableInt                  
2000e325  GPIO_enableInt                   
2000e36d  PRCMLPDSEnter                    
2000e3b5  PRCMPeripheralClkEnable          
2000e3fd  Power_releaseConstraint          
2000e445  ClockP_stop                      
2000e489  PRCMLPDSRestoreInfoSet           
2000e4cd  PWM_init                         
2000e511  PowerCC32XX_enterLPDS            
2000e555  SemaphoreP_post                  
2000e599  SwiP_restore                     
2000e5dd  __TI_auto_init_nobinit_nopinit   
2000e621  __aeabi_d2uiz                    
2000e665  PWM_open                         
2000e6a5  PinModeSet                       
2000e6e5  ClockP_destruct                  
2000e721  Power_setConstraint              
2000e7d1  PRCMLPDSEnterKeepDebugIf         
2000e841  initVectors                      
2000e8b1  ClockP_getTicksUntilInterrupt    
2000e8e5  ClockP_startup                   
2000e919  PinModeGet                       
2000e94d  TimerCC32XX_freeTimerResource    
2000e9b5  ClockP_start                     
2000e9e5  PowerCC32XX_restoreParkedPin     
2000ea15  HwiP_create                      
2000ea3f  PowerCC32XX_initPolicy           
2000ea41  PRCMPeripheralClkDisable         
2000ea69  Power_registerNotify             
2000eab9  List_put                         
2000eadf  List_remove                      
2000eb05  HwiP_dispatch                    
2000eb29  _c_int00_noargs                  
2000eb71  Power_unregisterNotify           
2000eb91  __aeabi_ui2d                     
2000ebb1  PinToPadGet                      
2000ebcd  SwiP_disable                     
2000ebe9  __TI_zero_init_nomemset          
2000ec21  SemaphoreP_createBinary          
2000ec3b  SemaphoreP_destruct              
2000ec3d  resetISR                         
2000ec50  resetVectorAddr                  
2000ec57  _nop                             
2000ec59  Power_getTransitionLatency       
2000ec71  Power_idleFunc                   
2000ec89  __aeabi_lmul                     
2000eca1  PRCMHIBRegRead                   
2000ecb7  PRCMHIBRegWrite                  
2000eccd  SemaphoreP_create                
2000ece3  Board_init                       
2000ecf7  CPUcpsid                         
2000ed0d  HwiP_inISR                       
2000ed21  IntVTableBaseSet                 
2000ed35  PWM_Params_init                  
2000ed49  Power_disablePolicy              
2000ed5d  Power_getDependencyCount         
2000ed71  HwiP_Params_init                 
2000ed83  main                             
2000eda7  ClockP_add                       
2000edb7  clkFxn                           
2000edb9  ClockP_getCpuFreq                
2000edc9  ClockP_getSystemTicks            
2000edd9  ClockP_setTicks                  
2000ede9  HwiP_restore                     
2000edf9  Power_enablePolicy               
2000ee09  SemaphoreP_Params_init           
2000ee19  HwiP_disable                     
2000ee27  HwiP_enable                      
2000ee27  NoRTOS_start                     
2000ee35  __TI_decompress_none             
2000ee45  Power_getConstraintMask          
2000ee51  ClockP_isActive                  
2000ee5b  IntMasterDisable                 
2000ee65  PWM_setDuty                      
2000ee6f  PWM_start                        
2000ee79  malloc                           
2000ee81  PWMTimerCC32XX_control           
2000ee87  UtilsDelay                       
2000ee8d  ClockP_doTick                    
2000ee91  HwiP_post                        
2000ee95  SemaphoreP_delete                
2000ee99  _system_pre_init                 
2000ee9d  C$$EXIT                          
2000ee9d  abort                            
2000eea5  __aeabi_idiv0                    
2000eea5  __aeabi_ldiv0                    
2000f1b4  PowerCC32XX_module               
2000f320  parkInfo                         
2000f418  gpioPinConfigs                   
2000f49c  _lock                            
2000f4a0  _unlock                          
2000f4ac  SemaphoreP_defaultParams         
2000f4b4  HwiP_key                         
2000f4b8  HwiP_swiPIntNum                  
2000f4bc  ClockP_tickPeriod                
2000f670  PowerCC32XX_config               
2000f6dc  PWMTimerCC32XX_fxnTable          
2000f744  PWM_config                       
2000f75c  PWM_defaultParams                
2000f7a4  GPIO_config                      
2000f7d4  pwmTimerCC32XXHWAttrs            
2000f7e4  GPIO_pinLowerBound               
2000f7e5  GPIO_pinUpperBound               
2000f7e6  CONFIG_PWM_0_CONST               
2000f7e7  CONFIG_PWM_1_CONST               
2000f7e8  PWM_count                        
2000f7f0  PowerCC32XX_contextSave          
2000f91c  gpioCallbackFunctions            
2000f9a0  gpioUserArgs                     
2000fa24  pwmTimerCC32XXObjects            
2000fa80  ClockP_ctrl                      
2000fab0  __TI_static_base__               
2000fb70  __TI_Handler_Table_Base          
2000fb7c  __TI_Handler_Table_Limit         
2000fb88  __TI_CINIT_Base                  
2000fb98  __TI_CINIT_Limit                 
ffffffff  __TI_pprof_out_hndl              
ffffffff  __TI_prof_data_size              
ffffffff  __TI_prof_data_start             
ffffffff  __binit__                        
ffffffff  __c_args__                       
ffffffff  binit                            
UNDEFED   ITM_flush                        
UNDEFED   ITM_restore                      
UNDEFED   __mpu_init                       
UNDEFED   _system_post_cinit               

[181 symbols]
