******************************************************************************
                  TI ARM Linker PC v20.2.7                     
******************************************************************************
>> Linked Sun Oct  2 20:59:35 2022

OUTPUT FILE NAME:   <gpiointerrupt_CC3220S_LAUNCHXL_nortos_ccs.out>
ENTRY POINT SYMBOL: "resetISR"  address: 2000e825


MEMORY CONFIGURATION

         name            origin    length      used     unused   attr    fill
----------------------  --------  ---------  --------  --------  ----  --------
  SRAM2                 20000000   00004000  0000130c  00002cf4  RW X
  SRAM                  20004000   0003c000  0000b7a9  00030857  RW X
  LOG_DATA              90000000   00040000  00000000  00040000  R   


SEGMENT ALLOCATION MAP

run origin  load origin   length   init length attrs members
----------  ----------- ---------- ----------- ----- -------
20003000    20003000    00001000   00000000    rw-
  20003000    20003000    00001000   00000000    rw- .stack
20004000    20004000    00000040   00000040    r--
  20004000    20004000    00000040   00000040    r-- .resetVecs
20004040    20004040    00008000   00000000    rw-
  20004040    20004040    00008000   00000000    rw- .sysmem
2000c040    2000c040    00002aa2   00002aa2    r-x
  2000c040    2000c040    00002aa2   00002aa2    r-x .text
2000eae4    2000eae4    00000627   00000000    rw-
  2000eae4    2000eae4    00000627   00000000    rw- .data
2000f110    2000f110    000002f8   00000000    rw-
  2000f110    2000f110    000002f8   00000000    rw- .bss
2000f408    2000f408    000003a8   000003a8    r--
  2000f408    2000f408    000002b0   000002b0    r-- .const
  2000f6b8    2000f6b8    000000f8   000000f8    r-- .cinit


SECTION ALLOCATION MAP

 output                                  attributes/
section   page    origin      length       input sections
--------  ----  ----------  ----------   ----------------
.text      0    2000c040    00002aa2     
                  2000c040    0000042c     driverlib.a : prcm.obj (.text:PRCMCC3200MCUInit)
                  2000c46c    000001a0     nortos_cc32xx.a : PowerCC32XX_nortos.oem4 (.text:PowerCC32XX_sleepPolicy)
                  2000c60c    00000154     drivers_cc32xx.a : GPIOCC32XX.oem4 (.text:GPIO_setConfig)
                  2000c760    00000148                      : PowerCC32XX.oem4 (.text:parkPins)
                  2000c8a8    00000138                      : PowerCC32XX.oem4 (.text:Power_sleep)
                  2000c9e0    00000138                      : TimerCC32XX.oem4 (.text:Timer_open)
                  2000cb18    00000100     rtsv7M4_T_le_eabi.lib : memory.c.obj (.text:aligned_alloc)
                  2000cc18    000000e4                           : memory.c.obj (.text:free)
                  2000ccfc    000000c0     drivers_cc32xx.a : PowerCC32XX.oem4 (.text:restoreParkedPins)
                  2000cdbc    000000b0     gpiointerrupt.obj (.text:SOS_OK_Machine)
                  2000ce6c    000000a8     driverlib.a : interrupt.obj (.text:IntEnable)
                  2000cf14    000000a8     drivers_cc32xx.a : PowerCC32XX.oem4 (.text:PowerCC32XX_configureWakeup)
                  2000cfbc    000000a0     nortos_cc32xx.a : SemaphoreP_nortos.oem4 (.text:SemaphoreP_pend)
                  2000d05c    0000009c     rtsv7M4_T_le_eabi.lib : memcpy_t2.asm.obj (.text)
                  2000d0f8    00000096                           : ull_div_t2.asm.obj (.text)
                  2000d18e    00000002     ti_drivers_config.obj (.text:Board_initHook)
                  2000d190    00000090     drivers_cc32xx.a : GPIOCC32XX.oem4 (.text:GPIO_init)
                  2000d220    00000090                      : PowerCC32XX.oem4 (.text:restoreNVICRegs)
                  2000d2b0    0000008c     nortos_cc32xx.a : HwiPCC32XX_nortos.oem4 (.text:HwiP_construct)
                  2000d33c    00000088     driverlib.a : interrupt.obj (.text:IntPendSet)
                  2000d3c4    00000088                 : pin.obj (.text:PinConfigSet)
                  2000d44c    00000084     drivers_cc32xx.a : PowerCC32XX.oem4 (.text:Power_init)
                  2000d4d0    00000084                      : PowerCC32XX.oem4 (.text:saveNVICRegs)
                  2000d554    00000080                      : GPIOCC32XX.oem4 (.text:GPIO_write)
                  2000d5d4    00000080                      : PowerCC32XX.oem4 (.text:Power_setDependency)
                  2000d654    00000074                      : GPIOCC32XX.oem4 (.text:powerNotifyFxn)
                  2000d6c8    00000070     rtsv7M4_T_le_eabi.lib : memory.c.obj (.text:split)
                  2000d738    00000068                           : copy_decompress_lzss.c.obj (.text:decompress:lzss:__TI_decompress_lzss)
                  2000d7a0    00000064     drivers_cc32xx.a : GPIOCC32XX.oem4 (.text:GPIO_setInterruptConfig)
                  2000d804    00000064                      : PowerCC32XX.oem4 (.text:PowerCC32XX_setParkState)
                  2000d868    00000064     gpiointerrupt.obj (.text:mainThread)
                  2000d8cc    00000060     drivers_cc32xx.a : GPIOCC32XX.oem4 (.text:GPIO_hwiIntFxn)
                  2000d92c    00000060     driverlib.a : prcm.obj (.text:PRCMSysResetCauseGet)
                  2000d98c    0000005c     nortos_cc32xx.a : ClockPSysTick_nortos.oem4 (.text:sysTickInit)
                  2000d9e8    00000058     driverlib.a : prcm.obj (.text:PRCMPeripheralReset)
                  2000da40    00000058     drivers_cc32xx.a : PowerCC32XX.oem4 (.text:Power_releaseDependency)
                  2000da98    00000052                      : PowerCC32XX_asm.oem4 (.text:PowerCC32XX_resumeLPDS)
                  2000daea    00000052                      : TimerCC32XX.oem4 (.text:initHw)
                  2000db3c    00000050     nortos_cc32xx.a : ClockPSysTick_nortos.oem4 (.text:ClockP_sysTickHandler)
                  2000db8c    00000050                     : SemaphoreP_nortos.oem4 (.text:SemaphoreP_construct)
                  2000dbdc    00000050     drivers_cc32xx.a : TimerCC32XX.oem4 (.text:TimerCC32XX_allocateTimerResource)
                  2000dc2c    0000004c                      : PowerCC32XX.oem4 (.text:PowerCC32XX_parkPin)
                  2000dc78    0000004c                      : PowerCC32XX.oem4 (.text:restorePeriphClocks)
                  2000dcc4    00000048     driverlib.a : flash.obj (.text:FlashDisable)
                  2000dd0c    00000048     drivers_cc32xx.a : GPIOCC32XX.oem4 (.text:GPIO_disableInt)
                  2000dd54    00000048                      : GPIOCC32XX.oem4 (.text:GPIO_enableInt)
                  2000dd9c    00000048     driverlib.a : prcm.obj (.text:PRCMLPDSEnter)
                  2000dde4    00000048                 : prcm.obj (.text:PRCMPeripheralClkEnable)
                  2000de2c    00000048     drivers_cc32xx.a : PowerCC32XX.oem4 (.text:Power_releaseConstraint)
                  2000de74    00000046                      : TimerCC32XX.oem4 (.text:getPrescaler)
                  2000deba    00000002     nortos_cc32xx.a : PowerCC32XX_nortos.oem4 (.text:PowerCC32XX_initPolicy)
                  2000debc    00000044                     : ClockPSysTick_nortos.oem4 (.text:ClockP_stop)
                  2000df00    00000044     driverlib.a : prcm.obj (.text:PRCMLPDSRestoreInfoSet)
                  2000df44    00000044     drivers_cc32xx.a : PowerCC32XX_asm.oem4 (.text:PowerCC32XX_enterLPDS)
                  2000df88    00000044     nortos_cc32xx.a : SemaphoreP_nortos.oem4 (.text:SemaphoreP_post)
                  2000dfcc    00000044                     : SwiP_nortos.oem4 (.text:SwiP_restore)
                  2000e010    00000044     drivers_cc32xx.a : Timer.oem4 (.text:Timer_start)
                  2000e054    00000044     rtsv7M4_T_le_eabi.lib : autoinit.c.obj (.text:__TI_auto_init_nobinit_nopinit:__TI_auto_init_nobinit_nopinit)
                  2000e098    00000040     driverlib.a : pin.obj (.text:PinModeSet)
                  2000e0d8    00000040     drivers_cc32xx.a : TimerCC32XX.oem4 (.text:TimerSupport_timerEnable)
                  2000e118    00000040                      : TimerCC32XX.oem4 (.text:Timer_close)
                  2000e158    00000040     gpiointerrupt.obj (.text:initTimer)
                  2000e198    0000003c     nortos_cc32xx.a : ClockPSysTick_nortos.oem4 (.text:ClockP_destruct)
                  2000e1d4    0000003c     drivers_cc32xx.a : PowerCC32XX.oem4 (.text:Power_setConstraint)
                  2000e210    0000003a     nortos_cc32xx.a : PowerCC32XX_nortos.oem4 (.text:getCountsRTC)
                  2000e24a    00000002                     : SemaphoreP_nortos.oem4 (.text:SemaphoreP_destruct)
                  2000e24c    00000038     driverlib.a : prcm.obj (.text:PRCMLPDSEnterKeepDebugIf)
                  2000e284    00000038     nortos_cc32xx.a : ClockPSysTick_nortos.oem4 (.text:addToList)
                  2000e2bc    00000038                     : startup_cc32xx_ccs.oem4 (.text:initVectors)
                  2000e2f4    00000038     drivers_cc32xx.a : PowerCC32XX.oem4 (.text:notify)
                  2000e32c    00000036     driverlib.a : timer.obj (.text:TimerControlStall)
                  2000e362    00000036     drivers_cc32xx.a : Timer.oem4 (.text:Timer_stop)
                  2000e398    00000034     nortos_cc32xx.a : ClockPSysTick_nortos.oem4 (.text:ClockP_getTicksUntilInterrupt)
                  2000e3cc    00000034                     : ClockPSysTick_nortos.oem4 (.text:ClockP_startup)
                  2000e400    00000034     driverlib.a : pin.obj (.text:PinModeGet)
                  2000e434    00000034     drivers_cc32xx.a : TimerCC32XX.oem4 (.text:TimerCC32XX_freeTimerResource)
                  2000e468    00000034                      : TimerCC32XX.oem4 (.text:TimerCC32XX_hwiIntFunction)
                  2000e49c    00000034                      : TimerCC32XX.oem4 (.text:getPowerMgrId)
                  2000e4d0    00000030     nortos_cc32xx.a : ClockPSysTick_nortos.oem4 (.text:ClockP_start)
                  2000e500    00000030     drivers_cc32xx.a : PowerCC32XX.oem4 (.text:PowerCC32XX_restoreParkedPin)
                  2000e530    0000002a     nortos_cc32xx.a : HwiPCC32XX_nortos.oem4 (.text:HwiP_create)
                  2000e55a    0000002a     driverlib.a : timer.obj (.text:TimerLoadSet)
                  2000e584    0000002a                 : timer.obj (.text:TimerPrescaleSet)
                  2000e5ae    00000002     drivers_cc32xx.a : Timer.oem4 (.text:Timer_init)
                  2000e5b0    00000028     driverlib.a : prcm.obj (.text:PRCMPeripheralClkDisable)
                  2000e5d8    00000028     drivers_cc32xx.a : PowerCC32XX.oem4 (.text:Power_registerNotify)
                  2000e600    00000028     rtsv7M4_T_le_eabi.lib : memory.c.obj (.text:free_list_insert)
                  2000e628    00000026     drivers_cc32xx.a : List.oem4 (.text:List_put)
                  2000e64e    00000026                      : List.oem4 (.text:List_remove)
                  2000e674    00000024     nortos_cc32xx.a : HwiPCC32XX_nortos.oem4 (.text:HwiP_dispatch)
                  2000e698    00000024     drivers_cc32xx.a : TimerCC32XX.oem4 (.text:TimerSupport_timerDisable)
                  2000e6bc    00000024     rtsv7M4_T_le_eabi.lib : boot_cortex_m.c.obj (.text:_c_int00_noargs:_c_int00_noargs)
                  2000e6e0    00000020     nortos_cc32xx.a : HwiPCC32XX_nortos.oem4 (.text:HwiP_destruct)
                  2000e700    00000020     drivers_cc32xx.a : PowerCC32XX.oem4 (.text:Power_unregisterNotify)
                  2000e720    0000001e     nortos_cc32xx.a : SemaphoreP_nortos.oem4 (.text:SemaphoreP_constructBinary)
                  2000e73e    0000001e     driverlib.a : timer.obj (.text:TimerDisable)
                  2000e75c    0000001e                 : timer.obj (.text:TimerEnable)
                  2000e77a    00000002     rtsv7M4_T_le_eabi.lib : _lock.c.obj (.text:_nop)
                  2000e77c    0000001c     drivers_cc32xx.a : GPIO.oem4 (.text:GPIO_setCallback)
                  2000e798    0000001c     driverlib.a : pin.obj (.text:PinToPadGet)
                  2000e7b4    0000001c     nortos_cc32xx.a : SwiP_nortos.oem4 (.text:SwiP_disable)
                  2000e7d0    0000001c     rtsv7M4_T_le_eabi.lib : copy_zero_init.c.obj (.text:decompress:ZI:__TI_zero_init_nomemset:__TI_zero_init_nomemset)
                  2000e7ec    0000001c                           : memory.c.obj (.text:free_list_remove)
                  2000e808    0000001a     nortos_cc32xx.a : SemaphoreP_nortos.oem4 (.text:SemaphoreP_createBinary)
                  2000e822    00000002                     : startup_cc32xx_ccs.oem4 (.text:busFaultHandler)
                  2000e824    0000001a                     : startup_cc32xx_ccs.oem4 (.text:resetISR)
                  2000e83e    00000002                     : SemaphoreP_nortos.oem4 (.text:clkFxn)
                  2000e840    00000018     drivers_cc32xx.a : PowerCC32XX.oem4 (.text:Power_getTransitionLatency)
                  2000e858    00000018                      : PowerCC32XX.oem4 (.text:Power_idleFunc)
                  2000e870    00000018     driverlib.a : timer.obj (.text:TimerIntDisable)
                  2000e888    00000018                 : timer.obj (.text:TimerIntEnable)
                  2000e8a0    00000018     rtsv7M4_T_le_eabi.lib : ll_mul_t2.asm.obj (.text)
                  2000e8b8    00000016     driverlib.a : prcm.obj (.text:PRCMHIBRegRead)
                  2000e8ce    00000016                 : prcm.obj (.text:PRCMHIBRegWrite)
                  2000e8e4    00000016     nortos_cc32xx.a : SemaphoreP_nortos.oem4 (.text:SemaphoreP_create)
                  2000e8fa    00000014     ti_drivers_config.obj (.text:Board_init)
                  2000e90e    00000014     driverlib.a : cpu.obj (.text:CPUcpsid)
                  2000e922    00000002     nortos_cc32xx.a : startup_cc32xx_ccs.oem4 (.text:defaultHandler)
                  2000e924    00000014                     : HwiPCC32XX_nortos.oem4 (.text:HwiP_inISR)
                  2000e938    00000014     driverlib.a : interrupt.obj (.text:IntVTableBaseSet)
                  2000e94c    00000014     drivers_cc32xx.a : PowerCC32XX.oem4 (.text:Power_disablePolicy)
                  2000e960    00000014                      : PowerCC32XX.oem4 (.text:Power_getDependencyCount)
                  2000e974    00000012     nortos_cc32xx.a : HwiPCC32XX_nortos.oem4 (.text:HwiP_Params_init)
                  2000e986    00000012     driverlib.a : timer.obj (.text:TimerIntClear)
                  2000e998    00000012     main_nortos.obj (.text:main)
                  2000e9aa    00000010     nortos_cc32xx.a : ClockPSysTick_nortos.oem4 (.text:ClockP_add)
                  2000e9ba    00000002                     : startup_cc32xx_ccs.oem4 (.text:faultISR)
                  2000e9bc    00000010                     : ClockPSysTick_nortos.oem4 (.text:ClockP_getCpuFreq)
                  2000e9cc    00000010                     : ClockPSysTick_nortos.oem4 (.text:ClockP_getSystemTicks)
                  2000e9dc    00000010                     : ClockPSysTick_nortos.oem4 (.text:ClockP_setTicks)
                  2000e9ec    00000010                     : HwiPCC32XX_nortos.oem4 (.text:HwiP_delete)
                  2000e9fc    00000010                     : HwiPCC32XX_nortos.oem4 (.text:HwiP_restore)
                  2000ea0c    00000010     drivers_cc32xx.a : PowerCC32XX.oem4 (.text:Power_enablePolicy)
                  2000ea1c    00000010     nortos_cc32xx.a : SemaphoreP_nortos.oem4 (.text:SemaphoreP_Params_init)
                  2000ea2c    00000010     drivers_cc32xx.a : Timer.oem4 (.text:Timer_Params_init)
                  2000ea3c    0000000e     nortos_cc32xx.a : HwiPCC32XX_nortos.oem4 (.text:HwiP_clearInterrupt)
                  2000ea4a    0000000e                     : HwiPCC32XX_nortos.oem4 (.text:HwiP_disable)
                  2000ea58    0000000e                     : HwiPCC32XX_nortos.oem4 (.text:HwiP_enable)
                  2000ea66    0000000e     rtsv7M4_T_le_eabi.lib : copy_decompress_none.c.obj (.text:decompress:none:__TI_decompress_none)
                  2000ea74    0000000c     drivers_cc32xx.a : PowerCC32XX.oem4 (.text:Power_getConstraintMask)
                  2000ea80    0000000c     gpiointerrupt.obj (.text:gpioButtonFxn0)
                  2000ea8c    0000000c     gpiointerrupt.obj (.text:gpioButtonFxn1)
                  2000ea98    0000000c     drivers_cc32xx.a : TimerCC32XX.oem4 (.text:postNotifyFxn)
                  2000eaa4    0000000a     nortos_cc32xx.a : ClockPSysTick_nortos.oem4 (.text:ClockP_isActive)
                  2000eaae    0000000a     driverlib.a : interrupt.obj (.text:IntMasterDisable)
                  2000eab8    00000008     rtsv7M4_T_le_eabi.lib : memory.c.obj (.text:malloc)
                  2000eac0    00000006     driverlib.a : utils.obj (.text:UtilsDelay)
                  2000eac6    00000004     nortos_cc32xx.a : ClockPSysTick_nortos.oem4 (.text:ClockP_doTick)
                  2000eaca    00000004                     : HwiPCC32XX_nortos.oem4 (.text:HwiP_post)
                  2000eace    00000004                     : SemaphoreP_nortos.oem4 (.text:SemaphoreP_delete)
                  2000ead2    00000004     rtsv7M4_T_le_eabi.lib : pre_init.c.obj (.text:_system_pre_init)
                  2000ead6    00000004                           : exit.c.obj (.text:abort:abort)
                  2000eada    00000004     gpiointerrupt.obj (.text:timerCallback)
                  2000eade    00000002     nortos_cc32xx.a : startup_cc32xx_ccs.oem4 (.text:nmiISR)
                  2000eae0    00000002     rtsv7M4_T_le_eabi.lib : div0.asm.obj (.text)

.const     0    2000f408    000002b0     
                  2000f408    00000100     driverlib.a : pin.obj (.const:g_ulPinToPadMap)
                  2000f508    000000a8                 : prcm.obj (.const:PRCM_PeriphRegsList)
                  2000f5b0    00000044     ti_drivers_config.obj (.const:PowerCC32XX_config)
                  2000f5f4    00000028     drivers_cc32xx.a : GPIOCC32XX.oem4 (.const:portConfigs)
                  2000f61c    00000021                      : GPIOCC32XX.oem4 (.const:.string:pinTable)
                  2000f63d    00000003     --HOLE-- [fill = 0]
                  2000f640    00000018     driverlib.a : interrupt.obj (.const:g_pulEnRegs)
                  2000f658    00000018                 : interrupt.obj (.const:g_pulPendRegs)
                  2000f670    00000010     ti_drivers_config.obj (.const:GPIO_config)
                  2000f680    00000010     ti_drivers_config.obj (.const:timerCC32XXHWAttrs)
                  2000f690    0000000c     drivers_cc32xx.a : Timer.oem4 (.const:defaultParams)
                  2000f69c    0000000c                      : TimerCC32XX.oem4 (.const:defaultParams)
                  2000f6a8    00000008     ti_drivers_config.obj (.const:Timer_config)
                  2000f6b0    00000008     ti_drivers_config.obj (.const)

.cinit     0    2000f6b8    000000f8     
                  2000f6b8    000000d2     (.cinit..data.load) [load image, compression = lzss]
                  2000f78a    00000002     --HOLE-- [fill = 0]
                  2000f78c    0000000c     (__TI_handler_table)
                  2000f798    00000008     (.cinit..bss.load) [load image, compression = zero_init]
                  2000f7a0    00000010     (__TI_cinit_table)

.init_array 
*          0    20004000    00000000     UNINITIALIZED

.ramVecs   0    20000000    0000030c     NOLOAD SECTION
                  20000000    0000030c     nortos_cc32xx.a : startup_cc32xx_ccs.oem4 (.ramVecs)

.stack     0    20003000    00001000     UNINITIALIZED
                  20003000    00000004     rtsv7M4_T_le_eabi.lib : boot_cortex_m.c.obj (.stack)
                  20003004    00000ffc     --HOLE--

.resetVecs 
*          0    20004000    00000040     
                  20004000    00000040     nortos_cc32xx.a : startup_cc32xx_ccs.oem4 (.resetVecs:retain)

.sysmem    0    20004040    00008000     UNINITIALIZED
                  20004040    00000010     rtsv7M4_T_le_eabi.lib : memory.c.obj (.sysmem)
                  20004050    00007ff0     --HOLE--

.data      0    2000eae4    00000627     UNINITIALIZED
                  2000eae4    0000030c     nortos_cc32xx.a : HwiPCC32XX_nortos.oem4 (.data:HwiP_dispatchTable)
                  2000edf0    0000016c     drivers_cc32xx.a : PowerCC32XX.oem4 (.data:PowerCC32XX_module)
                  2000ef5c    000000f8     ti_drivers_config.obj (.data:parkInfo)
                  2000f054    00000084     ti_drivers_config.obj (.data:gpioPinConfigs)
                  2000f0d8    00000008     gpiointerrupt.obj (.data:$O1$$)
                  2000f0e0    00000008     rtsv7M4_T_le_eabi.lib : _lock.c.obj (.data:$O1$$)
                  2000f0e8    00000008                           : memory.c.obj (.data:$O1$$)
                  2000f0f0    00000008     nortos_cc32xx.a : SemaphoreP_nortos.oem4 (.data:SemaphoreP_defaultParams)
                  2000f0f8    00000008                     : HwiPCC32XX_nortos.oem4 (.data)
                  2000f100    00000005                     : ClockPSysTick_nortos.oem4 (.data)
                  2000f105    00000003                     : SemaphoreP_nortos.oem4 (.data)
                  2000f108    00000002     drivers_cc32xx.a : GPIOCC32XX.oem4 (.data)
                  2000f10a    00000001     gpiointerrupt.obj (.data)

.bss       0    2000f110    000002f8     UNINITIALIZED
                  2000f110    0000012c     (.common:PowerCC32XX_contextSave)
                  2000f23c    00000084     (.common:gpioCallbackFunctions)
                  2000f2c0    00000084     (.common:gpioUserArgs)
                  2000f344    00000084     (.common:timerCC32XXObjects)
                  2000f3c8    00000014     drivers_cc32xx.a : GPIOCC32XX.oem4 (.bss:powerNotifyObj)
                  2000f3dc    00000004                      : GPIOCC32XX.oem4 (.bss)
                  2000f3e0    00000010     (.common:ClockP_ctrl)
                  2000f3f0    0000000d     nortos_cc32xx.a : SwiP_nortos.oem4 (.bss)
                  2000f3fd    00000003     --HOLE--
                  2000f400    00000004                     : ClockPSysTick_nortos.oem4 (.bss)
                  2000f404    00000004     drivers_cc32xx.a : TimerCC32XX.oem4 (.bss:timerState)

.log_data 
*          0    90000000    00000000     COPY SECTION

__llvm_prf_cnts 
*          0    20004000    00000000     UNINITIALIZED

MODULE SUMMARY

       Module                       code    ro data   rw data
       ------                       ----    -------   -------
    .\
       gpiointerrupt.obj            368     0         9      
       main_nortos.obj              18      0         0      
    +--+----------------------------+-------+---------+---------+
       Total:                       386     0         9      
                                                             
    .\syscfg\
       ti_drivers_config.obj        22      116       776    
    +--+----------------------------+-------+---------+---------+
       Total:                       22      116       776    
                                                             
    C:/ti/simplelink_cc32xx_sdk_6_10_00_05/kernel/nortos/lib/ccs/m4/nortos_cc32xx.a
       HwiPCC32XX_nortos.oem4       366     0         788    
       startup_cc32xx_ccs.oem4      90      64        780    
       ClockPSysTick_nortos.oem4    586     0         25     
       PowerCC32XX_nortos.oem4      476     0         0      
       SemaphoreP_nortos.oem4       410     0         11     
       SwiP_nortos.oem4             96      0         13     
    +--+----------------------------+-------+---------+---------+
       Total:                       2024    64        1617   
                                                             
    C:/ti/simplelink_cc32xx_sdk_6_10_00_05/source/ti/devices/cc32xx/driverlib/ccs/Release/driverlib.a
       prcm.obj                     1604    168       0      
       pin.obj                      280     256       0      
       interrupt.obj                334     48        0      
       timer.obj                    264     0         0      
       flash.obj                    72      0         0      
       cpu.obj                      20      0         0      
       utils.obj                    6       0         0      
    +--+----------------------------+-------+---------+---------+
       Total:                       2580    472       0      
                                                             
    C:/ti/simplelink_cc32xx_sdk_6_10_00_05/source/ti/drivers/lib/ccs/m4/drivers_cc32xx.a
       PowerCC32XX.oem4             2300    0         664    
       GPIOCC32XX.oem4              1068    73        26     
       TimerCC32XX.oem4             876     12        4      
       Timer.oem4                   140     12        0      
       PowerCC32XX_asm.oem4         150     0         0      
       List.oem4                    76      0         0      
       GPIO.oem4                    28      0         0      
    +--+----------------------------+-------+---------+---------+
       Total:                       4638    97        694    
                                                             
    F:\Programs\Texas Instruments\CCS\ccs\tools\compiler\ti-cgt-arm_20.2.7.LTS\lib\rtsv7M4_T_le_eabi.lib
       memory.c.obj                 672     0         8      
       memcpy_t2.asm.obj            156     0         0      
       ull_div_t2.asm.obj           150     0         0      
       copy_decompress_lzss.c.obj   104     0         0      
       autoinit.c.obj               68      0         0      
       boot_cortex_m.c.obj          36      0         0      
       copy_zero_init.c.obj         28      0         0      
       ll_mul_t2.asm.obj            24      0         0      
       copy_decompress_none.c.obj   14      0         0      
       _lock.c.obj                  2       0         8      
       exit.c.obj                   4       0         0      
       pre_init.c.obj               4       0         0      
       div0.asm.obj                 2       0         0      
    +--+----------------------------+-------+---------+---------+
       Total:                       1264    0         16     
                                                             
       Heap:                        0       0         32768  
       Stack:                       0       0         4096   
       Linker Generated:            0       246       0      
    +--+----------------------------+-------+---------+---------+
       Grand Total:                 10914   995       39976  


LINKER GENERATED COPY TABLES

__TI_cinit_table @ 2000f7a0 records: 2, size/record: 8, table size: 16
	.data: load addr=2000f6b8, load size=000000d2 bytes, run addr=2000eae4, run size=00000627 bytes, compression=lzss
	.bss: load addr=2000f798, load size=00000008 bytes, run addr=2000f110, run size=000002f8 bytes, compression=zero_init


LINKER GENERATED HANDLER TABLE

__TI_handler_table @ 2000f78c records: 3, size/record: 4, table size: 12
	index: 0, handler: __TI_decompress_lzss
	index: 1, handler: __TI_decompress_none
	index: 2, handler: __TI_zero_init


GLOBAL SYMBOLS: SORTED ALPHABETICALLY BY Name 

address   name                             
-------   ----                             
2000e8fb  Board_init                       
2000d18f  Board_initHook                   
2000ead7  C$$EXIT                          
2000f6b2  CONFIG_GPIO_BUTTON_0_CONST       
2000f6b3  CONFIG_GPIO_BUTTON_1_CONST       
2000f6b4  CONFIG_GPIO_LED_0_CONST          
2000f6b5  CONFIG_GPIO_LED_1_CONST          
2000f6b6  CONFIG_TIMER_0_CONST             
2000e90f  CPUcpsid                         
2000e9ab  ClockP_add                       
2000f3e0  ClockP_ctrl                      
2000e199  ClockP_destruct                  
2000eac7  ClockP_doTick                    
2000e9bd  ClockP_getCpuFreq                
2000e9cd  ClockP_getSystemTicks            
2000e399  ClockP_getTicksUntilInterrupt    
2000eaa5  ClockP_isActive                  
2000e9dd  ClockP_setTicks                  
2000e4d1  ClockP_start                     
2000e3cd  ClockP_startup                   
2000debd  ClockP_stop                      
2000db3d  ClockP_sysTickHandler            
2000f100  ClockP_tickPeriod                
2000dcc5  FlashDisable                     
2000f670  GPIO_config                      
2000dd0d  GPIO_disableInt                  
2000dd55  GPIO_enableInt                   
2000d8cd  GPIO_hwiIntFxn                   
2000d191  GPIO_init                        
2000f6b0  GPIO_pinLowerBound               
2000f6b1  GPIO_pinUpperBound               
2000e77d  GPIO_setCallback                 
2000c60d  GPIO_setConfig                   
2000d7a1  GPIO_setInterruptConfig          
2000d555  GPIO_write                       
2000e975  HwiP_Params_init                 
2000ea3d  HwiP_clearInterrupt              
2000d2b1  HwiP_construct                   
2000e531  HwiP_create                      
2000e9ed  HwiP_delete                      
2000e6e1  HwiP_destruct                    
2000ea4b  HwiP_disable                     
2000e675  HwiP_dispatch                    
2000ea59  HwiP_enable                      
2000e925  HwiP_inISR                       
2000f0f8  HwiP_key                         
2000eacb  HwiP_post                        
2000e9fd  HwiP_restore                     
2000f0fc  HwiP_swiPIntNum                  
UNDEFED   ITM_flush                        
UNDEFED   ITM_restore                      
2000ce6d  IntEnable                        
2000eaaf  IntMasterDisable                 
2000d33d  IntPendSet                       
2000e939  IntVTableBaseSet                 
2000e629  List_put                         
2000e64f  List_remove                      
2000ea59  NoRTOS_start                     
2000c041  PRCMCC3200MCUInit                
2000e8b9  PRCMHIBRegRead                   
2000e8cf  PRCMHIBRegWrite                  
2000dd9d  PRCMLPDSEnter                    
2000e24d  PRCMLPDSEnterKeepDebugIf         
2000df01  PRCMLPDSRestoreInfoSet           
2000e5b1  PRCMPeripheralClkDisable         
2000dde5  PRCMPeripheralClkEnable          
2000d9e9  PRCMPeripheralReset              
2000d92d  PRCMSysResetCauseGet             
2000d3c5  PinConfigSet                     
2000e401  PinModeGet                       
2000e099  PinModeSet                       
2000e799  PinToPadGet                      
2000f5b0  PowerCC32XX_config               
2000cf15  PowerCC32XX_configureWakeup      
2000f110  PowerCC32XX_contextSave          
2000df45  PowerCC32XX_enterLPDS            
2000debb  PowerCC32XX_initPolicy           
2000edf0  PowerCC32XX_module               
2000dc2d  PowerCC32XX_parkPin              
2000e501  PowerCC32XX_restoreParkedPin     
2000da99  PowerCC32XX_resumeLPDS           
2000d805  PowerCC32XX_setParkState         
2000c46d  PowerCC32XX_sleepPolicy          
2000e94d  Power_disablePolicy              
2000ea0d  Power_enablePolicy               
2000ea75  Power_getConstraintMask          
2000e961  Power_getDependencyCount         
2000e841  Power_getTransitionLatency       
2000e859  Power_idleFunc                   
2000d44d  Power_init                       
2000e5d9  Power_registerNotify             
2000de2d  Power_releaseConstraint          
2000da41  Power_releaseDependency          
2000e1d5  Power_setConstraint              
2000d5d5  Power_setDependency              
2000c8a9  Power_sleep                      
2000e701  Power_unregisterNotify           
2000cdbd  SOS_OK_Machine                   
2000ea1d  SemaphoreP_Params_init           
2000db8d  SemaphoreP_construct             
2000e721  SemaphoreP_constructBinary       
2000e8e5  SemaphoreP_create                
2000e809  SemaphoreP_createBinary          
2000f0f0  SemaphoreP_defaultParams         
2000eacf  SemaphoreP_delete                
2000e24b  SemaphoreP_destruct              
2000cfbd  SemaphoreP_pend                  
2000df89  SemaphoreP_post                  
2000e7b5  SwiP_disable                     
2000dfcd  SwiP_restore                     
2000dbdd  TimerCC32XX_allocateTimerResource
2000e435  TimerCC32XX_freeTimerResource    
2000e32d  TimerControlStall                
2000e73f  TimerDisable                     
2000e75d  TimerEnable                      
2000e987  TimerIntClear                    
2000e871  TimerIntDisable                  
2000e889  TimerIntEnable                   
2000e55b  TimerLoadSet                     
2000e585  TimerPrescaleSet                 
2000e699  TimerSupport_timerDisable        
2000e0d9  TimerSupport_timerEnable         
2000ea2d  Timer_Params_init                
2000e119  Timer_close                      
2000f6a8  Timer_config                     
2000f6b7  Timer_count                      
2000e5af  Timer_init                       
2000c9e1  Timer_open                       
2000e011  Timer_start                      
2000e363  Timer_stop                       
2000eac1  UtilsDelay                       
20004000  __STACK_END                      
00001000  __STACK_SIZE                     
00008000  __SYSMEM_SIZE                    
2000f7a0  __TI_CINIT_Base                  
2000f7b0  __TI_CINIT_Limit                 
2000f78c  __TI_Handler_Table_Base          
2000f798  __TI_Handler_Table_Limit         
2000e055  __TI_auto_init_nobinit_nopinit   
2000d739  __TI_decompress_lzss             
2000ea67  __TI_decompress_none             
ffffffff  __TI_pprof_out_hndl              
ffffffff  __TI_prof_data_size              
ffffffff  __TI_prof_data_start             
2000f6b8  __TI_static_base__               
2000e7d1  __TI_zero_init_nomemset          
2000eae1  __aeabi_idiv0                    
2000eae1  __aeabi_ldiv0                    
2000e8a1  __aeabi_lmul                     
2000d05d  __aeabi_memcpy                   
2000d05d  __aeabi_memcpy4                  
2000d05d  __aeabi_memcpy8                  
2000d0f9  __aeabi_uldivmod                 
ffffffff  __binit__                        
ffffffff  __c_args__                       
UNDEFED   __mpu_init                       
20003000  __stack                          
20004000  __start___llvm_prf_cnts          
20004000  __stop___llvm_prf_cnts           
2000e6bd  _c_int00_noargs                  
2000f0e0  _lock                            
2000e77b  _nop                             
20004040  _sys_memory                      
UNDEFED   _system_post_cinit               
2000ead3  _system_pre_init                 
2000f0e4  _unlock                          
2000ead7  abort                            
2000cb19  aligned_alloc                    
ffffffff  binit                            
2000e83f  clkFxn                           
2000f10a  flag                             
2000cc19  free                             
2000ea81  gpioButtonFxn0                   
2000ea8d  gpioButtonFxn1                   
2000f23c  gpioCallbackFunctions            
2000f054  gpioPinConfigs                   
2000f2c0  gpioUserArgs                     
2000f0dc  i                                
2000e159  initTimer                        
2000e2bd  initVectors                      
2000e999  main                             
2000d869  mainThread                       
2000eab9  malloc                           
2000cb19  memalign                         
2000d05d  memcpy                           
2000ef5c  parkInfo                         
2000e825  resetISR                         
2000e838  resetVectorAddr                  
20004000  resetVectors                     
2000f0d8  state                            
2000f680  timerCC32XXHWAttrs               
2000f344  timerCC32XXObjects               
2000eadb  timerCallback                    


GLOBAL SYMBOLS: SORTED BY Symbol Address 

address   name                             
-------   ----                             
00001000  __STACK_SIZE                     
00008000  __SYSMEM_SIZE                    
20003000  __stack                          
20004000  __STACK_END                      
20004000  __start___llvm_prf_cnts          
20004000  __stop___llvm_prf_cnts           
20004000  resetVectors                     
20004040  _sys_memory                      
2000c041  PRCMCC3200MCUInit                
2000c46d  PowerCC32XX_sleepPolicy          
2000c60d  GPIO_setConfig                   
2000c8a9  Power_sleep                      
2000c9e1  Timer_open                       
2000cb19  aligned_alloc                    
2000cb19  memalign                         
2000cc19  free                             
2000cdbd  SOS_OK_Machine                   
2000ce6d  IntEnable                        
2000cf15  PowerCC32XX_configureWakeup      
2000cfbd  SemaphoreP_pend                  
2000d05d  __aeabi_memcpy                   
2000d05d  __aeabi_memcpy4                  
2000d05d  __aeabi_memcpy8                  
2000d05d  memcpy                           
2000d0f9  __aeabi_uldivmod                 
2000d18f  Board_initHook                   
2000d191  GPIO_init                        
2000d2b1  HwiP_construct                   
2000d33d  IntPendSet                       
2000d3c5  PinConfigSet                     
2000d44d  Power_init                       
2000d555  GPIO_write                       
2000d5d5  Power_setDependency              
2000d739  __TI_decompress_lzss             
2000d7a1  GPIO_setInterruptConfig          
2000d805  PowerCC32XX_setParkState         
2000d869  mainThread                       
2000d8cd  GPIO_hwiIntFxn                   
2000d92d  PRCMSysResetCauseGet             
2000d9e9  PRCMPeripheralReset              
2000da41  Power_releaseDependency          
2000da99  PowerCC32XX_resumeLPDS           
2000db3d  ClockP_sysTickHandler            
2000db8d  SemaphoreP_construct             
2000dbdd  TimerCC32XX_allocateTimerResource
2000dc2d  PowerCC32XX_parkPin              
2000dcc5  FlashDisable                     
2000dd0d  GPIO_disableInt                  
2000dd55  GPIO_enableInt                   
2000dd9d  PRCMLPDSEnter                    
2000dde5  PRCMPeripheralClkEnable          
2000de2d  Power_releaseConstraint          
2000debb  PowerCC32XX_initPolicy           
2000debd  ClockP_stop                      
2000df01  PRCMLPDSRestoreInfoSet           
2000df45  PowerCC32XX_enterLPDS            
2000df89  SemaphoreP_post                  
2000dfcd  SwiP_restore                     
2000e011  Timer_start                      
2000e055  __TI_auto_init_nobinit_nopinit   
2000e099  PinModeSet                       
2000e0d9  TimerSupport_timerEnable         
2000e119  Timer_close                      
2000e159  initTimer                        
2000e199  ClockP_destruct                  
2000e1d5  Power_setConstraint              
2000e24b  SemaphoreP_destruct              
2000e24d  PRCMLPDSEnterKeepDebugIf         
2000e2bd  initVectors                      
2000e32d  TimerControlStall                
2000e363  Timer_stop                       
2000e399  ClockP_getTicksUntilInterrupt    
2000e3cd  ClockP_startup                   
2000e401  PinModeGet                       
2000e435  TimerCC32XX_freeTimerResource    
2000e4d1  ClockP_start                     
2000e501  PowerCC32XX_restoreParkedPin     
2000e531  HwiP_create                      
2000e55b  TimerLoadSet                     
2000e585  TimerPrescaleSet                 
2000e5af  Timer_init                       
2000e5b1  PRCMPeripheralClkDisable         
2000e5d9  Power_registerNotify             
2000e629  List_put                         
2000e64f  List_remove                      
2000e675  HwiP_dispatch                    
2000e699  TimerSupport_timerDisable        
2000e6bd  _c_int00_noargs                  
2000e6e1  HwiP_destruct                    
2000e701  Power_unregisterNotify           
2000e721  SemaphoreP_constructBinary       
2000e73f  TimerDisable                     
2000e75d  TimerEnable                      
2000e77b  _nop                             
2000e77d  GPIO_setCallback                 
2000e799  PinToPadGet                      
2000e7b5  SwiP_disable                     
2000e7d1  __TI_zero_init_nomemset          
2000e809  SemaphoreP_createBinary          
2000e825  resetISR                         
2000e838  resetVectorAddr                  
2000e83f  clkFxn                           
2000e841  Power_getTransitionLatency       
2000e859  Power_idleFunc                   
2000e871  TimerIntDisable                  
2000e889  TimerIntEnable                   
2000e8a1  __aeabi_lmul                     
2000e8b9  PRCMHIBRegRead                   
2000e8cf  PRCMHIBRegWrite                  
2000e8e5  SemaphoreP_create                
2000e8fb  Board_init                       
2000e90f  CPUcpsid                         
2000e925  HwiP_inISR                       
2000e939  IntVTableBaseSet                 
2000e94d  Power_disablePolicy              
2000e961  Power_getDependencyCount         
2000e975  HwiP_Params_init                 
2000e987  TimerIntClear                    
2000e999  main                             
2000e9ab  ClockP_add                       
2000e9bd  ClockP_getCpuFreq                
2000e9cd  ClockP_getSystemTicks            
2000e9dd  ClockP_setTicks                  
2000e9ed  HwiP_delete                      
2000e9fd  HwiP_restore                     
2000ea0d  Power_enablePolicy               
2000ea1d  SemaphoreP_Params_init           
2000ea2d  Timer_Params_init                
2000ea3d  HwiP_clearInterrupt              
2000ea4b  HwiP_disable                     
2000ea59  HwiP_enable                      
2000ea59  NoRTOS_start                     
2000ea67  __TI_decompress_none             
2000ea75  Power_getConstraintMask          
2000ea81  gpioButtonFxn0                   
2000ea8d  gpioButtonFxn1                   
2000eaa5  ClockP_isActive                  
2000eaaf  IntMasterDisable                 
2000eab9  malloc                           
2000eac1  UtilsDelay                       
2000eac7  ClockP_doTick                    
2000eacb  HwiP_post                        
2000eacf  SemaphoreP_delete                
2000ead3  _system_pre_init                 
2000ead7  C$$EXIT                          
2000ead7  abort                            
2000eadb  timerCallback                    
2000eae1  __aeabi_idiv0                    
2000eae1  __aeabi_ldiv0                    
2000edf0  PowerCC32XX_module               
2000ef5c  parkInfo                         
2000f054  gpioPinConfigs                   
2000f0d8  state                            
2000f0dc  i                                
2000f0e0  _lock                            
2000f0e4  _unlock                          
2000f0f0  SemaphoreP_defaultParams         
2000f0f8  HwiP_key                         
2000f0fc  HwiP_swiPIntNum                  
2000f100  ClockP_tickPeriod                
2000f10a  flag                             
2000f110  PowerCC32XX_contextSave          
2000f23c  gpioCallbackFunctions            
2000f2c0  gpioUserArgs                     
2000f344  timerCC32XXObjects               
2000f3e0  ClockP_ctrl                      
2000f5b0  PowerCC32XX_config               
2000f670  GPIO_config                      
2000f680  timerCC32XXHWAttrs               
2000f6a8  Timer_config                     
2000f6b0  GPIO_pinLowerBound               
2000f6b1  GPIO_pinUpperBound               
2000f6b2  CONFIG_GPIO_BUTTON_0_CONST       
2000f6b3  CONFIG_GPIO_BUTTON_1_CONST       
2000f6b4  CONFIG_GPIO_LED_0_CONST          
2000f6b5  CONFIG_GPIO_LED_1_CONST          
2000f6b6  CONFIG_TIMER_0_CONST             
2000f6b7  Timer_count                      
2000f6b8  __TI_static_base__               
2000f78c  __TI_Handler_Table_Base          
2000f798  __TI_Handler_Table_Limit         
2000f7a0  __TI_CINIT_Base                  
2000f7b0  __TI_CINIT_Limit                 
ffffffff  __TI_pprof_out_hndl              
ffffffff  __TI_prof_data_size              
ffffffff  __TI_prof_data_start             
ffffffff  __binit__                        
ffffffff  __c_args__                       
ffffffff  binit                            
UNDEFED   ITM_flush                        
UNDEFED   ITM_restore                      
UNDEFED   __mpu_init                       
UNDEFED   _system_post_cinit               

[193 symbols]
