<?xml version="1.0" encoding="ISO-8859-1" ?>
<link_info>
   <banner>TI ARM Linker PC v20.2.7.LTS</banner>
   <copyright>Copyright (c) 1996-2018 Texas Instruments Incorporated</copyright>
   <link_time>0x633a4207</link_time>
   <link_errors>0x0</link_errors>
   <output_file>gpiointerrupt_CC3220S_LAUNCHXL_nortos_ccs.out</output_file>
   <entry_point>
      <name>resetISR</name>
      <address>0x2000e825</address>
   </entry_point>
   <input_file_list>
      <input_file id="fl-2">
         <path>.\</path>
         <kind>object</kind>
         <file>gpiointerrupt.obj</file>
         <name>gpiointerrupt.obj</name>
      </input_file>
      <input_file id="fl-3">
         <path>.\syscfg\</path>
         <kind>object</kind>
         <file>ti_drivers_config.obj</file>
         <name>ti_drivers_config.obj</name>
      </input_file>
      <input_file id="fl-4">
         <path>.\</path>
         <kind>object</kind>
         <file>main_nortos.obj</file>
         <name>main_nortos.obj</name>
      </input_file>
      <input_file id="fl-d">
         <kind>object</kind>
         <file>&lt;internal&gt;</file>
         <name>&lt;internal&gt;</name>
      </input_file>
      <input_file id="fl-e">
         <path>C:\ti\simplelink_cc32xx_sdk_6_10_00_05\source\ti\drivers\lib\ccs\m4\</path>
         <kind>archive</kind>
         <file>drivers_cc32xx.a</file>
         <name>GPIO.oem4</name>
      </input_file>
      <input_file id="fl-f">
         <path>C:\ti\simplelink_cc32xx_sdk_6_10_00_05\source\ti\drivers\lib\ccs\m4\</path>
         <kind>archive</kind>
         <file>drivers_cc32xx.a</file>
         <name>Timer.oem4</name>
      </input_file>
      <input_file id="fl-10">
         <path>C:\ti\simplelink_cc32xx_sdk_6_10_00_05\source\ti\drivers\lib\ccs\m4\</path>
         <kind>archive</kind>
         <file>drivers_cc32xx.a</file>
         <name>GPIOCC32XX.oem4</name>
      </input_file>
      <input_file id="fl-11">
         <path>C:\ti\simplelink_cc32xx_sdk_6_10_00_05\source\ti\drivers\lib\ccs\m4\</path>
         <kind>archive</kind>
         <file>drivers_cc32xx.a</file>
         <name>PowerCC32XX.oem4</name>
      </input_file>
      <input_file id="fl-12">
         <path>C:\ti\simplelink_cc32xx_sdk_6_10_00_05\source\ti\drivers\lib\ccs\m4\</path>
         <kind>archive</kind>
         <file>drivers_cc32xx.a</file>
         <name>PowerCC32XX_asm.oem4</name>
      </input_file>
      <input_file id="fl-13">
         <path>C:\ti\simplelink_cc32xx_sdk_6_10_00_05\source\ti\drivers\lib\ccs\m4\</path>
         <kind>archive</kind>
         <file>drivers_cc32xx.a</file>
         <name>TimerCC32XX.oem4</name>
      </input_file>
      <input_file id="fl-14">
         <path>C:\ti\simplelink_cc32xx_sdk_6_10_00_05\source\ti\drivers\lib\ccs\m4\</path>
         <kind>archive</kind>
         <file>drivers_cc32xx.a</file>
         <name>List.oem4</name>
      </input_file>
      <input_file id="fl-15">
         <path>C:\ti\simplelink_cc32xx_sdk_6_10_00_05\kernel\nortos\lib\ccs\m4\</path>
         <kind>archive</kind>
         <file>nortos_cc32xx.a</file>
         <name>NoRTOS.oem4</name>
      </input_file>
      <input_file id="fl-16">
         <path>C:\ti\simplelink_cc32xx_sdk_6_10_00_05\kernel\nortos\lib\ccs\m4\</path>
         <kind>archive</kind>
         <file>nortos_cc32xx.a</file>
         <name>SemaphoreP_nortos.oem4</name>
      </input_file>
      <input_file id="fl-17">
         <path>C:\ti\simplelink_cc32xx_sdk_6_10_00_05\kernel\nortos\lib\ccs\m4\</path>
         <kind>archive</kind>
         <file>nortos_cc32xx.a</file>
         <name>ClockPSysTick_nortos.oem4</name>
      </input_file>
      <input_file id="fl-18">
         <path>C:\ti\simplelink_cc32xx_sdk_6_10_00_05\kernel\nortos\lib\ccs\m4\</path>
         <kind>archive</kind>
         <file>nortos_cc32xx.a</file>
         <name>HwiPCC32XX_nortos.oem4</name>
      </input_file>
      <input_file id="fl-19">
         <path>C:\ti\simplelink_cc32xx_sdk_6_10_00_05\kernel\nortos\lib\ccs\m4\</path>
         <kind>archive</kind>
         <file>nortos_cc32xx.a</file>
         <name>PowerCC32XX_nortos.oem4</name>
      </input_file>
      <input_file id="fl-1a">
         <path>C:\ti\simplelink_cc32xx_sdk_6_10_00_05\kernel\nortos\lib\ccs\m4\</path>
         <kind>archive</kind>
         <file>nortos_cc32xx.a</file>
         <name>startup_cc32xx_ccs.oem4</name>
      </input_file>
      <input_file id="fl-1b">
         <path>C:\ti\simplelink_cc32xx_sdk_6_10_00_05\kernel\nortos\lib\ccs\m4\</path>
         <kind>archive</kind>
         <file>nortos_cc32xx.a</file>
         <name>SwiP_nortos.oem4</name>
      </input_file>
      <input_file id="fl-1c">
         <path>C:\ti\simplelink_cc32xx_sdk_6_10_00_05\kernel\nortos\lib\ccs\m4\</path>
         <kind>archive</kind>
         <file>nortos_cc32xx.a</file>
         <name>QueueP_nortos.oem4</name>
      </input_file>
      <input_file id="fl-1d">
         <path>C:\ti\simplelink_cc32xx_sdk_6_10_00_05\source\ti\devices\cc32xx\driverlib\ccs\Release\</path>
         <kind>archive</kind>
         <file>driverlib.a</file>
         <name>cpu.obj</name>
      </input_file>
      <input_file id="fl-1e">
         <path>C:\ti\simplelink_cc32xx_sdk_6_10_00_05\source\ti\devices\cc32xx\driverlib\ccs\Release\</path>
         <kind>archive</kind>
         <file>driverlib.a</file>
         <name>interrupt.obj</name>
      </input_file>
      <input_file id="fl-1f">
         <path>C:\ti\simplelink_cc32xx_sdk_6_10_00_05\source\ti\devices\cc32xx\driverlib\ccs\Release\</path>
         <kind>archive</kind>
         <file>driverlib.a</file>
         <name>pin.obj</name>
      </input_file>
      <input_file id="fl-20">
         <path>C:\ti\simplelink_cc32xx_sdk_6_10_00_05\source\ti\devices\cc32xx\driverlib\ccs\Release\</path>
         <kind>archive</kind>
         <file>driverlib.a</file>
         <name>prcm.obj</name>
      </input_file>
      <input_file id="fl-21">
         <path>C:\ti\simplelink_cc32xx_sdk_6_10_00_05\source\ti\devices\cc32xx\driverlib\ccs\Release\</path>
         <kind>archive</kind>
         <file>driverlib.a</file>
         <name>timer.obj</name>
      </input_file>
      <input_file id="fl-22">
         <path>C:\ti\simplelink_cc32xx_sdk_6_10_00_05\source\ti\devices\cc32xx\driverlib\ccs\Release\</path>
         <kind>archive</kind>
         <file>driverlib.a</file>
         <name>utils.obj</name>
      </input_file>
      <input_file id="fl-23">
         <path>C:\ti\simplelink_cc32xx_sdk_6_10_00_05\source\ti\devices\cc32xx\driverlib\ccs\Release\</path>
         <kind>archive</kind>
         <file>driverlib.a</file>
         <name>flash.obj</name>
      </input_file>
      <input_file id="fl-d9">
         <path>F:\Programs\Texas Instruments\CCS\ccs\tools\compiler\ti-cgt-arm_20.2.7.LTS\lib\</path>
         <kind>archive</kind>
         <file>rtsv7M4_T_le_eabi.lib</file>
         <name>ll_mul_t2.asm.obj</name>
      </input_file>
      <input_file id="fl-da">
         <path>F:\Programs\Texas Instruments\CCS\ccs\tools\compiler\ti-cgt-arm_20.2.7.LTS\lib\</path>
         <kind>archive</kind>
         <file>rtsv7M4_T_le_eabi.lib</file>
         <name>memcpy_t2.asm.obj</name>
      </input_file>
      <input_file id="fl-db">
         <path>F:\Programs\Texas Instruments\CCS\ccs\tools\compiler\ti-cgt-arm_20.2.7.LTS\lib\</path>
         <kind>archive</kind>
         <file>rtsv7M4_T_le_eabi.lib</file>
         <name>ull_div_t2.asm.obj</name>
      </input_file>
      <input_file id="fl-dc">
         <path>F:\Programs\Texas Instruments\CCS\ccs\tools\compiler\ti-cgt-arm_20.2.7.LTS\lib\</path>
         <kind>archive</kind>
         <file>rtsv7M4_T_le_eabi.lib</file>
         <name>copy_zero_init.c.obj</name>
      </input_file>
      <input_file id="fl-dd">
         <path>F:\Programs\Texas Instruments\CCS\ccs\tools\compiler\ti-cgt-arm_20.2.7.LTS\lib\</path>
         <kind>archive</kind>
         <file>rtsv7M4_T_le_eabi.lib</file>
         <name>copy_decompress_none.c.obj</name>
      </input_file>
      <input_file id="fl-de">
         <path>F:\Programs\Texas Instruments\CCS\ccs\tools\compiler\ti-cgt-arm_20.2.7.LTS\lib\</path>
         <kind>archive</kind>
         <file>rtsv7M4_T_le_eabi.lib</file>
         <name>copy_decompress_lzss.c.obj</name>
      </input_file>
      <input_file id="fl-df">
         <path>F:\Programs\Texas Instruments\CCS\ccs\tools\compiler\ti-cgt-arm_20.2.7.LTS\lib\</path>
         <kind>archive</kind>
         <file>rtsv7M4_T_le_eabi.lib</file>
         <name>memory.c.obj</name>
      </input_file>
      <input_file id="fl-e0">
         <path>F:\Programs\Texas Instruments\CCS\ccs\tools\compiler\ti-cgt-arm_20.2.7.LTS\lib\</path>
         <kind>archive</kind>
         <file>rtsv7M4_T_le_eabi.lib</file>
         <name>boot_cortex_m.c.obj</name>
      </input_file>
      <input_file id="fl-e1">
         <path>F:\Programs\Texas Instruments\CCS\ccs\tools\compiler\ti-cgt-arm_20.2.7.LTS\lib\</path>
         <kind>archive</kind>
         <file>rtsv7M4_T_le_eabi.lib</file>
         <name>div0.asm.obj</name>
      </input_file>
      <input_file id="fl-e2">
         <path>F:\Programs\Texas Instruments\CCS\ccs\tools\compiler\ti-cgt-arm_20.2.7.LTS\lib\</path>
         <kind>archive</kind>
         <file>rtsv7M4_T_le_eabi.lib</file>
         <name>memset_t2.asm.obj</name>
      </input_file>
      <input_file id="fl-e3">
         <path>F:\Programs\Texas Instruments\CCS\ccs\tools\compiler\ti-cgt-arm_20.2.7.LTS\lib\</path>
         <kind>archive</kind>
         <file>rtsv7M4_T_le_eabi.lib</file>
         <name>autoinit.c.obj</name>
      </input_file>
      <input_file id="fl-e4">
         <path>F:\Programs\Texas Instruments\CCS\ccs\tools\compiler\ti-cgt-arm_20.2.7.LTS\lib\</path>
         <kind>archive</kind>
         <file>rtsv7M4_T_le_eabi.lib</file>
         <name>pre_init.c.obj</name>
      </input_file>
      <input_file id="fl-e5">
         <path>F:\Programs\Texas Instruments\CCS\ccs\tools\compiler\ti-cgt-arm_20.2.7.LTS\lib\</path>
         <kind>archive</kind>
         <file>rtsv7M4_T_le_eabi.lib</file>
         <name>cpy_tbl.c.obj</name>
      </input_file>
      <input_file id="fl-e6">
         <path>F:\Programs\Texas Instruments\CCS\ccs\tools\compiler\ti-cgt-arm_20.2.7.LTS\lib\</path>
         <kind>archive</kind>
         <file>rtsv7M4_T_le_eabi.lib</file>
         <name>exit.c.obj</name>
      </input_file>
      <input_file id="fl-e7">
         <path>F:\Programs\Texas Instruments\CCS\ccs\tools\compiler\ti-cgt-arm_20.2.7.LTS\lib\</path>
         <kind>archive</kind>
         <file>rtsv7M4_T_le_eabi.lib</file>
         <name>_lock.c.obj</name>
      </input_file>
      <input_file id="fl-e8">
         <path>F:\Programs\Texas Instruments\CCS\ccs\tools\compiler\ti-cgt-arm_20.2.7.LTS\lib\</path>
         <kind>archive</kind>
         <file>rtsv7M4_T_le_eabi.lib</file>
         <name>args_main.c.obj</name>
      </input_file>
   </input_file_list>
   <object_component_list>
      <object_component id="oc-1c5">
         <name>.text:PRCMCC3200MCUInit</name>
         <load_address>0x2000c040</load_address>
         <run_address>0x2000c040</run_address>
         <size>0x42c</size>
         <input_file_ref idref="fl-20"/>
      </object_component>
      <object_component id="oc-347">
         <name>.text:PowerCC32XX_sleepPolicy</name>
         <load_address>0x2000c46c</load_address>
         <run_address>0x2000c46c</run_address>
         <size>0x1a0</size>
         <input_file_ref idref="fl-19"/>
      </object_component>
      <object_component id="oc-1df">
         <name>.text:GPIO_setConfig</name>
         <load_address>0x2000c60c</load_address>
         <run_address>0x2000c60c</run_address>
         <size>0x154</size>
         <input_file_ref idref="fl-10"/>
      </object_component>
      <object_component id="oc-590">
         <name>.text:parkPins</name>
         <load_address>0x2000c760</load_address>
         <run_address>0x2000c760</run_address>
         <size>0x148</size>
         <input_file_ref idref="fl-11"/>
      </object_component>
      <object_component id="oc-478">
         <name>.text:Power_sleep</name>
         <load_address>0x2000c8a8</load_address>
         <run_address>0x2000c8a8</run_address>
         <size>0x138</size>
         <input_file_ref idref="fl-11"/>
      </object_component>
      <object_component id="oc-2ef">
         <name>.text:Timer_open</name>
         <load_address>0x2000c9e0</load_address>
         <run_address>0x2000c9e0</run_address>
         <size>0x138</size>
         <input_file_ref idref="fl-13"/>
      </object_component>
      <object_component id="oc-4e2">
         <name>.text:aligned_alloc</name>
         <load_address>0x2000cb18</load_address>
         <run_address>0x2000cb18</run_address>
         <size>0x100</size>
         <input_file_ref idref="fl-df"/>
      </object_component>
      <object_component id="oc-365">
         <name>.text:free</name>
         <load_address>0x2000cc18</load_address>
         <run_address>0x2000cc18</run_address>
         <size>0xe4</size>
         <input_file_ref idref="fl-df"/>
      </object_component>
      <object_component id="oc-5ad">
         <name>.text:restoreParkedPins</name>
         <load_address>0x2000ccfc</load_address>
         <run_address>0x2000ccfc</run_address>
         <size>0xc0</size>
         <input_file_ref idref="fl-11"/>
      </object_component>
      <object_component id="oc-423">
         <name>.text:SOS_OK_Machine</name>
         <load_address>0x2000cdbc</load_address>
         <run_address>0x2000cdbc</run_address>
         <size>0xb0</size>
         <input_file_ref idref="fl-2"/>
      </object_component>
      <object_component id="oc-b5">
         <name>.text:IntEnable</name>
         <load_address>0x2000ce6c</load_address>
         <run_address>0x2000ce6c</run_address>
         <size>0xa8</size>
         <input_file_ref idref="fl-1e"/>
      </object_component>
      <object_component id="oc-268">
         <name>.text:PowerCC32XX_configureWakeup</name>
         <load_address>0x2000cf14</load_address>
         <run_address>0x2000cf14</run_address>
         <size>0xa8</size>
         <input_file_ref idref="fl-11"/>
      </object_component>
      <object_component id="oc-28d">
         <name>.text:SemaphoreP_pend</name>
         <load_address>0x2000cfbc</load_address>
         <run_address>0x2000cfbc</run_address>
         <size>0xa0</size>
         <input_file_ref idref="fl-16"/>
      </object_component>
      <object_component id="oc-3b">
         <name>.text</name>
         <load_address>0x2000d05c</load_address>
         <run_address>0x2000d05c</run_address>
         <size>0x9c</size>
         <input_file_ref idref="fl-da"/>
      </object_component>
      <object_component id="oc-473">
         <name>.text</name>
         <load_address>0x2000d0f8</load_address>
         <run_address>0x2000d0f8</run_address>
         <size>0x96</size>
         <input_file_ref idref="fl-db"/>
      </object_component>
      <object_component id="oc-1d7">
         <name>.text:Board_initHook</name>
         <load_address>0x2000d18e</load_address>
         <run_address>0x2000d18e</run_address>
         <size>0x2</size>
         <input_file_ref idref="fl-3"/>
      </object_component>
      <object_component id="oc-1d1">
         <name>.text:GPIO_init</name>
         <load_address>0x2000d190</load_address>
         <run_address>0x2000d190</run_address>
         <size>0x90</size>
         <input_file_ref idref="fl-10"/>
      </object_component>
      <object_component id="oc-5a1">
         <name>.text:restoreNVICRegs</name>
         <load_address>0x2000d220</load_address>
         <run_address>0x2000d220</run_address>
         <size>0x90</size>
         <input_file_ref idref="fl-11"/>
      </object_component>
      <object_component id="oc-3c5">
         <name>.text:HwiP_construct</name>
         <load_address>0x2000d2b0</load_address>
         <run_address>0x2000d2b0</run_address>
         <size>0x8c</size>
         <input_file_ref idref="fl-18"/>
      </object_component>
      <object_component id="oc-667">
         <name>.text:IntPendSet</name>
         <load_address>0x2000d33c</load_address>
         <run_address>0x2000d33c</run_address>
         <size>0x88</size>
         <input_file_ref idref="fl-1e"/>
      </object_component>
      <object_component id="oc-2b4">
         <name>.text:PinConfigSet</name>
         <load_address>0x2000d3c4</load_address>
         <run_address>0x2000d3c4</run_address>
         <size>0x88</size>
         <input_file_ref idref="fl-1f"/>
      </object_component>
      <object_component id="oc-1cb">
         <name>.text:Power_init</name>
         <load_address>0x2000d44c</load_address>
         <run_address>0x2000d44c</run_address>
         <size>0x84</size>
         <input_file_ref idref="fl-11"/>
      </object_component>
      <object_component id="oc-596">
         <name>.text:saveNVICRegs</name>
         <load_address>0x2000d4d0</load_address>
         <run_address>0x2000d4d0</run_address>
         <size>0x84</size>
         <input_file_ref idref="fl-11"/>
      </object_component>
      <object_component id="oc-1e5">
         <name>.text:GPIO_write</name>
         <load_address>0x2000d554</load_address>
         <run_address>0x2000d554</run_address>
         <size>0x80</size>
         <input_file_ref idref="fl-10"/>
      </object_component>
      <object_component id="oc-2ba">
         <name>.text:Power_setDependency</name>
         <load_address>0x2000d5d4</load_address>
         <run_address>0x2000d5d4</run_address>
         <size>0x80</size>
         <input_file_ref idref="fl-11"/>
      </object_component>
      <object_component id="oc-2ac">
         <name>.text:powerNotifyFxn</name>
         <load_address>0x2000d654</load_address>
         <run_address>0x2000d654</run_address>
         <size>0x74</size>
         <input_file_ref idref="fl-10"/>
      </object_component>
      <object_component id="oc-5de">
         <name>.text:split</name>
         <load_address>0x2000d6c8</load_address>
         <run_address>0x2000d6c8</run_address>
         <size>0x70</size>
         <input_file_ref idref="fl-df"/>
      </object_component>
      <object_component id="oc-14">
         <name>.text:decompress:lzss:__TI_decompress_lzss</name>
         <load_address>0x2000d738</load_address>
         <run_address>0x2000d738</run_address>
         <size>0x68</size>
         <input_file_ref idref="fl-de"/>
      </object_component>
      <object_component id="oc-2cc">
         <name>.text:GPIO_setInterruptConfig</name>
         <load_address>0x2000d7a0</load_address>
         <run_address>0x2000d7a0</run_address>
         <size>0x64</size>
         <input_file_ref idref="fl-10"/>
      </object_component>
      <object_component id="oc-3b5">
         <name>.text:PowerCC32XX_setParkState</name>
         <load_address>0x2000d804</load_address>
         <run_address>0x2000d804</run_address>
         <size>0x64</size>
         <input_file_ref idref="fl-11"/>
      </object_component>
      <object_component id="oc-165">
         <name>.text:mainThread</name>
         <load_address>0x2000d868</load_address>
         <run_address>0x2000d868</run_address>
         <size>0x64</size>
         <input_file_ref idref="fl-2"/>
      </object_component>
      <object_component id="oc-2d5">
         <name>.text:GPIO_hwiIntFxn</name>
         <load_address>0x2000d8cc</load_address>
         <run_address>0x2000d8cc</run_address>
         <size>0x60</size>
         <input_file_ref idref="fl-10"/>
      </object_component>
      <object_component id="oc-236">
         <name>.text:PRCMSysResetCauseGet</name>
         <load_address>0x2000d92c</load_address>
         <run_address>0x2000d92c</run_address>
         <size>0x60</size>
         <input_file_ref idref="fl-20"/>
      </object_component>
      <object_component id="oc-627">
         <name>.text:sysTickInit</name>
         <load_address>0x2000d98c</load_address>
         <run_address>0x2000d98c</run_address>
         <size>0x5c</size>
         <input_file_ref idref="fl-17"/>
      </object_component>
      <object_component id="oc-24f">
         <name>.text:PRCMPeripheralReset</name>
         <load_address>0x2000d9e8</load_address>
         <run_address>0x2000d9e8</run_address>
         <size>0x58</size>
         <input_file_ref idref="fl-20"/>
      </object_component>
      <object_component id="oc-608">
         <name>.text:Power_releaseDependency</name>
         <load_address>0x2000da40</load_address>
         <run_address>0x2000da40</run_address>
         <size>0x58</size>
         <input_file_ref idref="fl-11"/>
      </object_component>
      <object_component id="oc-644">
         <name>.text:PowerCC32XX_resumeLPDS</name>
         <load_address>0x2000da98</load_address>
         <run_address>0x2000da98</run_address>
         <size>0x52</size>
         <input_file_ref idref="fl-12"/>
      </object_component>
      <object_component id="oc-402">
         <name>.text:initHw</name>
         <load_address>0x2000daea</load_address>
         <run_address>0x2000daea</run_address>
         <size>0x52</size>
         <input_file_ref idref="fl-13"/>
      </object_component>
      <object_component id="oc-79">
         <name>.text:ClockP_sysTickHandler</name>
         <load_address>0x2000db3c</load_address>
         <run_address>0x2000db3c</run_address>
         <size>0x50</size>
         <input_file_ref idref="fl-17"/>
      </object_component>
      <object_component id="oc-4a6">
         <name>.text:SemaphoreP_construct</name>
         <load_address>0x2000db8c</load_address>
         <run_address>0x2000db8c</run_address>
         <size>0x50</size>
         <input_file_ref idref="fl-16"/>
      </object_component>
      <object_component id="oc-3e4">
         <name>.text:TimerCC32XX_allocateTimerResource</name>
         <load_address>0x2000dbdc</load_address>
         <run_address>0x2000dbdc</run_address>
         <size>0x50</size>
         <input_file_ref idref="fl-13"/>
      </object_component>
      <object_component id="oc-63b">
         <name>.text:PowerCC32XX_parkPin</name>
         <load_address>0x2000dc2c</load_address>
         <run_address>0x2000dc2c</run_address>
         <size>0x4c</size>
         <input_file_ref idref="fl-11"/>
      </object_component>
      <object_component id="oc-5a7">
         <name>.text:restorePeriphClocks</name>
         <load_address>0x2000dc78</load_address>
         <run_address>0x2000dc78</run_address>
         <size>0x4c</size>
         <input_file_ref idref="fl-11"/>
      </object_component>
      <object_component id="oc-65f">
         <name>.text:FlashDisable</name>
         <load_address>0x2000dcc4</load_address>
         <run_address>0x2000dcc4</run_address>
         <size>0x48</size>
         <input_file_ref idref="fl-23"/>
      </object_component>
      <object_component id="oc-3cc">
         <name>.text:GPIO_disableInt</name>
         <load_address>0x2000dd0c</load_address>
         <run_address>0x2000dd0c</run_address>
         <size>0x48</size>
         <input_file_ref idref="fl-10"/>
      </object_component>
      <object_component id="oc-1f1">
         <name>.text:GPIO_enableInt</name>
         <load_address>0x2000dd54</load_address>
         <run_address>0x2000dd54</run_address>
         <size>0x48</size>
         <input_file_ref idref="fl-10"/>
      </object_component>
      <object_component id="oc-5b3">
         <name>.text:PRCMLPDSEnter</name>
         <load_address>0x2000dd9c</load_address>
         <run_address>0x2000dd9c</run_address>
         <size>0x48</size>
         <input_file_ref idref="fl-20"/>
      </object_component>
      <object_component id="oc-249">
         <name>.text:PRCMPeripheralClkEnable</name>
         <load_address>0x2000dde4</load_address>
         <run_address>0x2000dde4</run_address>
         <size>0x48</size>
         <input_file_ref idref="fl-20"/>
      </object_component>
      <object_component id="oc-67f">
         <name>.text:Power_releaseConstraint</name>
         <load_address>0x2000de2c</load_address>
         <run_address>0x2000de2c</run_address>
         <size>0x48</size>
         <input_file_ref idref="fl-11"/>
      </object_component>
      <object_component id="oc-3fc">
         <name>.text:getPrescaler</name>
         <load_address>0x2000de74</load_address>
         <run_address>0x2000de74</run_address>
         <size>0x46</size>
         <input_file_ref idref="fl-13"/>
      </object_component>
      <object_component id="oc-341">
         <name>.text:PowerCC32XX_initPolicy</name>
         <load_address>0x2000deba</load_address>
         <run_address>0x2000deba</run_address>
         <size>0x2</size>
         <input_file_ref idref="fl-19"/>
      </object_component>
      <object_component id="oc-4ce">
         <name>.text:ClockP_stop</name>
         <load_address>0x2000debc</load_address>
         <run_address>0x2000debc</run_address>
         <size>0x44</size>
         <input_file_ref idref="fl-17"/>
      </object_component>
      <object_component id="oc-649">
         <name>.text:PRCMLPDSRestoreInfoSet</name>
         <load_address>0x2000df00</load_address>
         <run_address>0x2000df00</run_address>
         <size>0x44</size>
         <input_file_ref idref="fl-20"/>
      </object_component>
      <object_component id="oc-59c">
         <name>.text:PowerCC32XX_enterLPDS</name>
         <load_address>0x2000df44</load_address>
         <run_address>0x2000df44</run_address>
         <size>0x44</size>
         <input_file_ref idref="fl-12"/>
      </object_component>
      <object_component id="oc-299">
         <name>.text:SemaphoreP_post</name>
         <load_address>0x2000df88</load_address>
         <run_address>0x2000df88</run_address>
         <size>0x44</size>
         <input_file_ref idref="fl-16"/>
      </object_component>
      <object_component id="oc-48f">
         <name>.text:SwiP_restore</name>
         <load_address>0x2000dfcc</load_address>
         <run_address>0x2000dfcc</run_address>
         <size>0x44</size>
         <input_file_ref idref="fl-1b"/>
      </object_component>
      <object_component id="oc-2f5">
         <name>.text:Timer_start</name>
         <load_address>0x2000e010</load_address>
         <run_address>0x2000e010</run_address>
         <size>0x44</size>
         <input_file_ref idref="fl-f"/>
      </object_component>
      <object_component id="oc-178">
         <name>.text:__TI_auto_init_nobinit_nopinit:__TI_auto_init_nobinit_nopinit</name>
         <load_address>0x2000e054</load_address>
         <run_address>0x2000e054</run_address>
         <size>0x44</size>
         <input_file_ref idref="fl-e3"/>
      </object_component>
      <object_component id="oc-261">
         <name>.text:PinModeSet</name>
         <load_address>0x2000e098</load_address>
         <run_address>0x2000e098</run_address>
         <size>0x40</size>
         <input_file_ref idref="fl-1f"/>
      </object_component>
      <object_component id="oc-41c">
         <name>.text:TimerSupport_timerEnable</name>
         <load_address>0x2000e0d8</load_address>
         <run_address>0x2000e0d8</run_address>
         <size>0x40</size>
         <input_file_ref idref="fl-13"/>
      </object_component>
      <object_component id="oc-3f6">
         <name>.text:Timer_close</name>
         <load_address>0x2000e118</load_address>
         <run_address>0x2000e118</run_address>
         <size>0x40</size>
         <input_file_ref idref="fl-13"/>
      </object_component>
      <object_component id="oc-1f7">
         <name>.text:initTimer</name>
         <load_address>0x2000e158</load_address>
         <run_address>0x2000e158</run_address>
         <size>0x40</size>
         <input_file_ref idref="fl-2"/>
      </object_component>
      <object_component id="oc-384">
         <name>.text:ClockP_destruct</name>
         <load_address>0x2000e198</load_address>
         <run_address>0x2000e198</run_address>
         <size>0x3c</size>
         <input_file_ref idref="fl-17"/>
      </object_component>
      <object_component id="oc-55c">
         <name>.text:Power_setConstraint</name>
         <load_address>0x2000e1d4</load_address>
         <run_address>0x2000e1d4</run_address>
         <size>0x3c</size>
         <input_file_ref idref="fl-11"/>
      </object_component>
      <object_component id="oc-46d">
         <name>.text:getCountsRTC</name>
         <load_address>0x2000e210</load_address>
         <run_address>0x2000e210</run_address>
         <size>0x3a</size>
         <input_file_ref idref="fl-19"/>
      </object_component>
      <object_component id="oc-51d">
         <name>.text:SemaphoreP_destruct</name>
         <load_address>0x2000e24a</load_address>
         <run_address>0x2000e24a</run_address>
         <size>0x2</size>
         <input_file_ref idref="fl-16"/>
      </object_component>
      <object_component id="oc-5b9">
         <name>.text:PRCMLPDSEnterKeepDebugIf</name>
         <load_address>0x2000e24c</load_address>
         <run_address>0x2000e24c</run_address>
         <size>0x38</size>
         <input_file_ref idref="fl-20"/>
      </object_component>
      <object_component id="oc-db">
         <name>.text:addToList</name>
         <load_address>0x2000e284</load_address>
         <run_address>0x2000e284</run_address>
         <size>0x38</size>
         <input_file_ref idref="fl-17"/>
      </object_component>
      <object_component id="oc-59">
         <name>.text:initVectors</name>
         <load_address>0x2000e2bc</load_address>
         <run_address>0x2000e2bc</run_address>
         <size>0x38</size>
         <input_file_ref idref="fl-1a"/>
      </object_component>
      <object_component id="oc-58a">
         <name>.text:notify</name>
         <load_address>0x2000e2f4</load_address>
         <run_address>0x2000e2f4</run_address>
         <size>0x38</size>
         <input_file_ref idref="fl-11"/>
      </object_component>
      <object_component id="oc-53d">
         <name>.text:TimerControlStall</name>
         <load_address>0x2000e32c</load_address>
         <run_address>0x2000e32c</run_address>
         <size>0x36</size>
         <input_file_ref idref="fl-21"/>
      </object_component>
      <object_component id="oc-505">
         <name>.text:Timer_stop</name>
         <load_address>0x2000e362</load_address>
         <run_address>0x2000e362</run_address>
         <size>0x36</size>
         <input_file_ref idref="fl-f"/>
      </object_component>
      <object_component id="oc-45b">
         <name>.text:ClockP_getTicksUntilInterrupt</name>
         <load_address>0x2000e398</load_address>
         <run_address>0x2000e398</run_address>
         <size>0x34</size>
         <input_file_ref idref="fl-17"/>
      </object_component>
      <object_component id="oc-57b">
         <name>.text:ClockP_startup</name>
         <load_address>0x2000e3cc</load_address>
         <run_address>0x2000e3cc</run_address>
         <size>0x34</size>
         <input_file_ref idref="fl-17"/>
      </object_component>
      <object_component id="oc-25b">
         <name>.text:PinModeGet</name>
         <load_address>0x2000e400</load_address>
         <run_address>0x2000e400</run_address>
         <size>0x34</size>
         <input_file_ref idref="fl-1f"/>
      </object_component>
      <object_component id="oc-523">
         <name>.text:TimerCC32XX_freeTimerResource</name>
         <load_address>0x2000e434</load_address>
         <run_address>0x2000e434</run_address>
         <size>0x34</size>
         <input_file_ref idref="fl-13"/>
      </object_component>
      <object_component id="oc-414">
         <name>.text:TimerCC32XX_hwiIntFunction</name>
         <load_address>0x2000e468</load_address>
         <run_address>0x2000e468</run_address>
         <size>0x34</size>
         <input_file_ref idref="fl-13"/>
      </object_component>
      <object_component id="oc-4f9">
         <name>.text:getPowerMgrId</name>
         <load_address>0x2000e49c</load_address>
         <run_address>0x2000e49c</run_address>
         <size>0x34</size>
         <input_file_ref idref="fl-13"/>
      </object_component>
      <object_component id="oc-372">
         <name>.text:ClockP_start</name>
         <load_address>0x2000e4d0</load_address>
         <run_address>0x2000e4d0</run_address>
         <size>0x30</size>
         <input_file_ref idref="fl-17"/>
      </object_component>
      <object_component id="oc-658">
         <name>.text:PowerCC32XX_restoreParkedPin</name>
         <load_address>0x2000e500</load_address>
         <run_address>0x2000e500</run_address>
         <size>0x30</size>
         <input_file_ref idref="fl-11"/>
      </object_component>
      <object_component id="oc-2c6">
         <name>.text:HwiP_create</name>
         <load_address>0x2000e530</load_address>
         <run_address>0x2000e530</run_address>
         <size>0x2a</size>
         <input_file_ref idref="fl-18"/>
      </object_component>
      <object_component id="oc-537">
         <name>.text:TimerLoadSet</name>
         <load_address>0x2000e55a</load_address>
         <run_address>0x2000e55a</run_address>
         <size>0x2a</size>
         <input_file_ref idref="fl-21"/>
      </object_component>
      <object_component id="oc-531">
         <name>.text:TimerPrescaleSet</name>
         <load_address>0x2000e584</load_address>
         <run_address>0x2000e584</run_address>
         <size>0x2a</size>
         <input_file_ref idref="fl-21"/>
      </object_component>
      <object_component id="oc-2e3">
         <name>.text:Timer_init</name>
         <load_address>0x2000e5ae</load_address>
         <run_address>0x2000e5ae</run_address>
         <size>0x2</size>
         <input_file_ref idref="fl-f"/>
      </object_component>
      <object_component id="oc-255">
         <name>.text:PRCMPeripheralClkDisable</name>
         <load_address>0x2000e5b0</load_address>
         <run_address>0x2000e5b0</run_address>
         <size>0x28</size>
         <input_file_ref idref="fl-20"/>
      </object_component>
      <object_component id="oc-293">
         <name>.text:Power_registerNotify</name>
         <load_address>0x2000e5d8</load_address>
         <run_address>0x2000e5d8</run_address>
         <size>0x28</size>
         <input_file_ref idref="fl-11"/>
      </object_component>
      <object_component id="oc-4c6">
         <name>.text:free_list_insert</name>
         <load_address>0x2000e600</load_address>
         <run_address>0x2000e600</run_address>
         <size>0x28</size>
         <input_file_ref idref="fl-df"/>
      </object_component>
      <object_component id="oc-394">
         <name>.text:List_put</name>
         <load_address>0x2000e628</load_address>
         <run_address>0x2000e628</run_address>
         <size>0x26</size>
         <input_file_ref idref="fl-14"/>
      </object_component>
      <object_component id="oc-5f8">
         <name>.text:List_remove</name>
         <load_address>0x2000e64e</load_address>
         <run_address>0x2000e64e</run_address>
         <size>0x26</size>
         <input_file_ref idref="fl-14"/>
      </object_component>
      <object_component id="oc-4ec">
         <name>.text:HwiP_dispatch</name>
         <load_address>0x2000e674</load_address>
         <run_address>0x2000e674</run_address>
         <size>0x24</size>
         <input_file_ref idref="fl-18"/>
      </object_component>
      <object_component id="oc-5f1">
         <name>.text:TimerSupport_timerDisable</name>
         <load_address>0x2000e698</load_address>
         <run_address>0x2000e698</run_address>
         <size>0x24</size>
         <input_file_ref idref="fl-13"/>
      </object_component>
      <object_component id="oc-c5">
         <name>.text:_c_int00_noargs:_c_int00_noargs</name>
         <load_address>0x2000e6bc</load_address>
         <run_address>0x2000e6bc</run_address>
         <size>0x24</size>
         <input_file_ref idref="fl-e0"/>
      </object_component>
      <object_component id="oc-600">
         <name>.text:HwiP_destruct</name>
         <load_address>0x2000e6e0</load_address>
         <run_address>0x2000e6e0</run_address>
         <size>0x20</size>
         <input_file_ref idref="fl-18"/>
      </object_component>
      <object_component id="oc-50b">
         <name>.text:Power_unregisterNotify</name>
         <load_address>0x2000e700</load_address>
         <run_address>0x2000e700</run_address>
         <size>0x20</size>
         <input_file_ref idref="fl-11"/>
      </object_component>
      <object_component id="oc-3ea">
         <name>.text:SemaphoreP_constructBinary</name>
         <load_address>0x2000e720</load_address>
         <run_address>0x2000e720</run_address>
         <size>0x1e</size>
         <input_file_ref idref="fl-16"/>
      </object_component>
      <object_component id="oc-52b">
         <name>.text:TimerDisable</name>
         <load_address>0x2000e73e</load_address>
         <run_address>0x2000e73e</run_address>
         <size>0x1e</size>
         <input_file_ref idref="fl-21"/>
      </object_component>
      <object_component id="oc-562">
         <name>.text:TimerEnable</name>
         <load_address>0x2000e75c</load_address>
         <run_address>0x2000e75c</run_address>
         <size>0x1e</size>
         <input_file_ref idref="fl-21"/>
      </object_component>
      <object_component id="oc-309">
         <name>.text:_nop</name>
         <load_address>0x2000e77a</load_address>
         <run_address>0x2000e77a</run_address>
         <size>0x2</size>
         <input_file_ref idref="fl-e7"/>
      </object_component>
      <object_component id="oc-1eb">
         <name>.text:GPIO_setCallback</name>
         <load_address>0x2000e77c</load_address>
         <run_address>0x2000e77c</run_address>
         <size>0x1c</size>
         <input_file_ref idref="fl-e"/>
      </object_component>
      <object_component id="oc-635">
         <name>.text:PinToPadGet</name>
         <load_address>0x2000e798</load_address>
         <run_address>0x2000e798</run_address>
         <size>0x1c</size>
         <input_file_ref idref="fl-1f"/>
      </object_component>
      <object_component id="oc-44f">
         <name>.text:SwiP_disable</name>
         <load_address>0x2000e7b4</load_address>
         <run_address>0x2000e7b4</run_address>
         <size>0x1c</size>
         <input_file_ref idref="fl-1b"/>
      </object_component>
      <object_component id="oc-47">
         <name>.text:decompress:ZI:__TI_zero_init_nomemset:__TI_zero_init_nomemset</name>
         <load_address>0x2000e7d0</load_address>
         <run_address>0x2000e7d0</run_address>
         <size>0x1c</size>
         <input_file_ref idref="fl-dc"/>
      </object_component>
      <object_component id="oc-4c0">
         <name>.text:free_list_remove</name>
         <load_address>0x2000e7ec</load_address>
         <run_address>0x2000e7ec</run_address>
         <size>0x1c</size>
         <input_file_ref idref="fl-df"/>
      </object_component>
      <object_component id="oc-275">
         <name>.text:SemaphoreP_createBinary</name>
         <load_address>0x2000e808</load_address>
         <run_address>0x2000e808</run_address>
         <size>0x1a</size>
         <input_file_ref idref="fl-16"/>
      </object_component>
      <object_component id="oc-73">
         <name>.text:busFaultHandler</name>
         <load_address>0x2000e822</load_address>
         <run_address>0x2000e822</run_address>
         <size>0x2</size>
         <input_file_ref idref="fl-1a"/>
      </object_component>
      <object_component id="oc-21">
         <name>.text:resetISR</name>
         <load_address>0x2000e824</load_address>
         <run_address>0x2000e824</run_address>
         <size>0x1a</size>
         <input_file_ref idref="fl-1a"/>
      </object_component>
      <object_component id="oc-38a">
         <name>.text:clkFxn</name>
         <load_address>0x2000e83e</load_address>
         <run_address>0x2000e83e</run_address>
         <size>0x2</size>
         <input_file_ref idref="fl-16"/>
      </object_component>
      <object_component id="oc-461">
         <name>.text:Power_getTransitionLatency</name>
         <load_address>0x2000e840</load_address>
         <run_address>0x2000e840</run_address>
         <size>0x18</size>
         <input_file_ref idref="fl-11"/>
      </object_component>
      <object_component id="oc-5cd">
         <name>.text:Power_idleFunc</name>
         <load_address>0x2000e858</load_address>
         <run_address>0x2000e858</run_address>
         <size>0x18</size>
         <input_file_ref idref="fl-11"/>
      </object_component>
      <object_component id="oc-679">
         <name>.text:TimerIntDisable</name>
         <load_address>0x2000e870</load_address>
         <run_address>0x2000e870</run_address>
         <size>0x18</size>
         <input_file_ref idref="fl-21"/>
      </object_component>
      <object_component id="oc-556">
         <name>.text:TimerIntEnable</name>
         <load_address>0x2000e888</load_address>
         <run_address>0x2000e888</run_address>
         <size>0x18</size>
         <input_file_ref idref="fl-21"/>
      </object_component>
      <object_component id="oc-47e">
         <name>.text</name>
         <load_address>0x2000e8a0</load_address>
         <run_address>0x2000e8a0</run_address>
         <size>0x18</size>
         <input_file_ref idref="fl-d9"/>
      </object_component>
      <object_component id="oc-243">
         <name>.text:PRCMHIBRegRead</name>
         <load_address>0x2000e8b8</load_address>
         <run_address>0x2000e8b8</run_address>
         <size>0x16</size>
         <input_file_ref idref="fl-20"/>
      </object_component>
      <object_component id="oc-23d">
         <name>.text:PRCMHIBRegWrite</name>
         <load_address>0x2000e8ce</load_address>
         <run_address>0x2000e8ce</run_address>
         <size>0x16</size>
         <input_file_ref idref="fl-20"/>
      </object_component>
      <object_component id="oc-35a">
         <name>.text:SemaphoreP_create</name>
         <load_address>0x2000e8e4</load_address>
         <run_address>0x2000e8e4</run_address>
         <size>0x16</size>
         <input_file_ref idref="fl-16"/>
      </object_component>
      <object_component id="oc-159">
         <name>.text:Board_init</name>
         <load_address>0x2000e8fa</load_address>
         <run_address>0x2000e8fa</run_address>
         <size>0x14</size>
         <input_file_ref idref="fl-3"/>
      </object_component>
      <object_component id="oc-a3">
         <name>.text:CPUcpsid</name>
         <load_address>0x2000e90e</load_address>
         <run_address>0x2000e90e</run_address>
         <size>0x14</size>
         <input_file_ref idref="fl-1d"/>
      </object_component>
      <object_component id="oc-6d">
         <name>.text:defaultHandler</name>
         <load_address>0x2000e922</load_address>
         <run_address>0x2000e922</run_address>
         <size>0x2</size>
         <input_file_ref idref="fl-1a"/>
      </object_component>
      <object_component id="oc-39b">
         <name>.text:HwiP_inISR</name>
         <load_address>0x2000e924</load_address>
         <run_address>0x2000e924</run_address>
         <size>0x14</size>
         <input_file_ref idref="fl-18"/>
      </object_component>
      <object_component id="oc-af">
         <name>.text:IntVTableBaseSet</name>
         <load_address>0x2000e938</load_address>
         <run_address>0x2000e938</run_address>
         <size>0x14</size>
         <input_file_ref idref="fl-1e"/>
      </object_component>
      <object_component id="oc-3a1">
         <name>.text:Power_disablePolicy</name>
         <load_address>0x2000e94c</load_address>
         <run_address>0x2000e94c</run_address>
         <size>0x14</size>
         <input_file_ref idref="fl-11"/>
      </object_component>
      <object_component id="oc-651">
         <name>.text:Power_getDependencyCount</name>
         <load_address>0x2000e960</load_address>
         <run_address>0x2000e960</run_address>
         <size>0x14</size>
         <input_file_ref idref="fl-11"/>
      </object_component>
      <object_component id="oc-2c0">
         <name>.text:HwiP_Params_init</name>
         <load_address>0x2000e974</load_address>
         <run_address>0x2000e974</run_address>
         <size>0x12</size>
         <input_file_ref idref="fl-18"/>
      </object_component>
      <object_component id="oc-54d">
         <name>.text:TimerIntClear</name>
         <load_address>0x2000e986</load_address>
         <run_address>0x2000e986</run_address>
         <size>0x12</size>
         <input_file_ref idref="fl-21"/>
      </object_component>
      <object_component id="oc-11f">
         <name>.text:main</name>
         <load_address>0x2000e998</load_address>
         <run_address>0x2000e998</run_address>
         <size>0x12</size>
         <input_file_ref idref="fl-4"/>
      </object_component>
      <object_component id="oc-36c">
         <name>.text:ClockP_add</name>
         <load_address>0x2000e9aa</load_address>
         <run_address>0x2000e9aa</run_address>
         <size>0x10</size>
         <input_file_ref idref="fl-17"/>
      </object_component>
      <object_component id="oc-67">
         <name>.text:faultISR</name>
         <load_address>0x2000e9ba</load_address>
         <run_address>0x2000e9ba</run_address>
         <size>0x2</size>
         <input_file_ref idref="fl-1a"/>
      </object_component>
      <object_component id="oc-3f0">
         <name>.text:ClockP_getCpuFreq</name>
         <load_address>0x2000e9bc</load_address>
         <run_address>0x2000e9bc</run_address>
         <size>0x10</size>
         <input_file_ref idref="fl-17"/>
      </object_component>
      <object_component id="oc-467">
         <name>.text:ClockP_getSystemTicks</name>
         <load_address>0x2000e9cc</load_address>
         <run_address>0x2000e9cc</run_address>
         <size>0x10</size>
         <input_file_ref idref="fl-17"/>
      </object_component>
      <object_component id="oc-483">
         <name>.text:ClockP_setTicks</name>
         <load_address>0x2000e9dc</load_address>
         <run_address>0x2000e9dc</run_address>
         <size>0x10</size>
         <input_file_ref idref="fl-17"/>
      </object_component>
      <object_component id="oc-517">
         <name>.text:HwiP_delete</name>
         <load_address>0x2000e9ec</load_address>
         <run_address>0x2000e9ec</run_address>
         <size>0x10</size>
         <input_file_ref idref="fl-18"/>
      </object_component>
      <object_component id="oc-281">
         <name>.text:HwiP_restore</name>
         <load_address>0x2000e9fc</load_address>
         <run_address>0x2000e9fc</run_address>
         <size>0x10</size>
         <input_file_ref idref="fl-18"/>
      </object_component>
      <object_component id="oc-378">
         <name>.text:Power_enablePolicy</name>
         <load_address>0x2000ea0c</load_address>
         <run_address>0x2000ea0c</run_address>
         <size>0x10</size>
         <input_file_ref idref="fl-11"/>
      </object_component>
      <object_component id="oc-354">
         <name>.text:SemaphoreP_Params_init</name>
         <load_address>0x2000ea1c</load_address>
         <run_address>0x2000ea1c</run_address>
         <size>0x10</size>
         <input_file_ref idref="fl-16"/>
      </object_component>
      <object_component id="oc-2e9">
         <name>.text:Timer_Params_init</name>
         <load_address>0x2000ea2c</load_address>
         <run_address>0x2000ea2c</run_address>
         <size>0x10</size>
         <input_file_ref idref="fl-f"/>
      </object_component>
      <object_component id="oc-511">
         <name>.text:HwiP_clearInterrupt</name>
         <load_address>0x2000ea3c</load_address>
         <run_address>0x2000ea3c</run_address>
         <size>0xe</size>
         <input_file_ref idref="fl-18"/>
      </object_component>
      <object_component id="oc-27b">
         <name>.text:HwiP_disable</name>
         <load_address>0x2000ea4a</load_address>
         <run_address>0x2000ea4a</run_address>
         <size>0xe</size>
         <input_file_ref idref="fl-18"/>
      </object_component>
      <object_component id="oc-15f">
         <name>.text:HwiP_enable</name>
         <load_address>0x2000ea58</load_address>
         <run_address>0x2000ea58</run_address>
         <size>0xe</size>
         <input_file_ref idref="fl-18"/>
      </object_component>
      <object_component id="oc-1a">
         <name>.text:decompress:none:__TI_decompress_none</name>
         <load_address>0x2000ea66</load_address>
         <run_address>0x2000ea66</run_address>
         <size>0xe</size>
         <input_file_ref idref="fl-dd"/>
      </object_component>
      <object_component id="oc-455">
         <name>.text:Power_getConstraintMask</name>
         <load_address>0x2000ea74</load_address>
         <run_address>0x2000ea74</run_address>
         <size>0xc</size>
         <input_file_ref idref="fl-11"/>
      </object_component>
      <object_component id="oc-1fd">
         <name>.text:gpioButtonFxn0</name>
         <load_address>0x2000ea80</load_address>
         <run_address>0x2000ea80</run_address>
         <size>0xc</size>
         <input_file_ref idref="fl-2"/>
      </object_component>
      <object_component id="oc-203">
         <name>.text:gpioButtonFxn1</name>
         <load_address>0x2000ea8c</load_address>
         <run_address>0x2000ea8c</run_address>
         <size>0xc</size>
         <input_file_ref idref="fl-2"/>
      </object_component>
      <object_component id="oc-40e">
         <name>.text:postNotifyFxn</name>
         <load_address>0x2000ea98</load_address>
         <run_address>0x2000ea98</run_address>
         <size>0xc</size>
         <input_file_ref idref="fl-13"/>
      </object_component>
      <object_component id="oc-37e">
         <name>.text:ClockP_isActive</name>
         <load_address>0x2000eaa4</load_address>
         <run_address>0x2000eaa4</run_address>
         <size>0xa</size>
         <input_file_ref idref="fl-17"/>
      </object_component>
      <object_component id="oc-53">
         <name>.text:IntMasterDisable</name>
         <load_address>0x2000eaae</load_address>
         <run_address>0x2000eaae</run_address>
         <size>0xa</size>
         <input_file_ref idref="fl-1e"/>
      </object_component>
      <object_component id="oc-3bf">
         <name>.text:malloc</name>
         <load_address>0x2000eab8</load_address>
         <run_address>0x2000eab8</run_address>
         <size>0x8</size>
         <input_file_ref idref="fl-df"/>
      </object_component>
      <object_component id="oc-23c">
         <name>.text:UtilsDelay</name>
         <load_address>0x2000eac0</load_address>
         <run_address>0x2000eac0</run_address>
         <size>0x6</size>
         <input_file_ref idref="fl-22"/>
      </object_component>
      <object_component id="oc-489">
         <name>.text:ClockP_doTick</name>
         <load_address>0x2000eac6</load_address>
         <run_address>0x2000eac6</run_address>
         <size>0x4</size>
         <input_file_ref idref="fl-17"/>
      </object_component>
      <object_component id="oc-5c3">
         <name>.text:HwiP_post</name>
         <load_address>0x2000eaca</load_address>
         <run_address>0x2000eaca</run_address>
         <size>0x4</size>
         <input_file_ref idref="fl-18"/>
      </object_component>
      <object_component id="oc-287">
         <name>.text:SemaphoreP_delete</name>
         <load_address>0x2000eace</load_address>
         <run_address>0x2000eace</run_address>
         <size>0x4</size>
         <input_file_ref idref="fl-16"/>
      </object_component>
      <object_component id="oc-119">
         <name>.text:_system_pre_init</name>
         <load_address>0x2000ead2</load_address>
         <run_address>0x2000ead2</run_address>
         <size>0x4</size>
         <input_file_ref idref="fl-e4"/>
      </object_component>
      <object_component id="oc-16c">
         <name>.text:abort:abort</name>
         <load_address>0x2000ead6</load_address>
         <run_address>0x2000ead6</run_address>
         <size>0x4</size>
         <input_file_ref idref="fl-e6"/>
      </object_component>
      <object_component id="oc-2fb">
         <name>.text:timerCallback</name>
         <load_address>0x2000eada</load_address>
         <run_address>0x2000eada</run_address>
         <size>0x4</size>
         <input_file_ref idref="fl-2"/>
      </object_component>
      <object_component id="oc-61">
         <name>.text:nmiISR</name>
         <load_address>0x2000eade</load_address>
         <run_address>0x2000eade</run_address>
         <size>0x2</size>
         <input_file_ref idref="fl-1a"/>
      </object_component>
      <object_component id="oc-584">
         <name>.text</name>
         <load_address>0x2000eae0</load_address>
         <run_address>0x2000eae0</run_address>
         <size>0x2</size>
         <input_file_ref idref="fl-e1"/>
      </object_component>
      <object_component id="oc-332">
         <name>.const:g_ulPinToPadMap</name>
         <load_address>0x2000f408</load_address>
         <run_address>0x2000f408</run_address>
         <size>0x100</size>
         <input_file_ref idref="fl-1f"/>
      </object_component>
      <object_component id="oc-32b">
         <name>.const:PRCM_PeriphRegsList</name>
         <load_address>0x2000f508</load_address>
         <run_address>0x2000f508</run_address>
         <size>0xa8</size>
         <input_file_ref idref="fl-20"/>
      </object_component>
      <object_component id="oc-271">
         <name>.const:PowerCC32XX_config</name>
         <load_address>0x2000f5b0</load_address>
         <run_address>0x2000f5b0</run_address>
         <size>0x44</size>
         <input_file_ref idref="fl-3"/>
      </object_component>
      <object_component id="oc-2db">
         <name>.const:portConfigs</name>
         <load_address>0x2000f5f4</load_address>
         <run_address>0x2000f5f4</run_address>
         <size>0x28</size>
         <input_file_ref idref="fl-10"/>
      </object_component>
      <object_component id="oc-2d2">
         <name>.const:.string:pinTable</name>
         <load_address>0x2000f61c</load_address>
         <run_address>0x2000f61c</run_address>
         <size>0x21</size>
         <input_file_ref idref="fl-10"/>
      </object_component>
      <object_component id="oc-113">
         <name>.const:g_pulEnRegs</name>
         <load_address>0x2000f640</load_address>
         <run_address>0x2000f640</run_address>
         <size>0x18</size>
         <input_file_ref idref="fl-1e"/>
      </object_component>
      <object_component id="oc-693">
         <name>.const:g_pulPendRegs</name>
         <load_address>0x2000f658</load_address>
         <run_address>0x2000f658</run_address>
         <size>0x18</size>
         <input_file_ref idref="fl-1e"/>
      </object_component>
      <object_component id="oc-2a6">
         <name>.const:GPIO_config</name>
         <load_address>0x2000f670</load_address>
         <run_address>0x2000f670</run_address>
         <size>0x10</size>
         <input_file_ref idref="fl-3"/>
      </object_component>
      <object_component id="oc-547">
         <name>.const:timerCC32XXHWAttrs</name>
         <load_address>0x2000f680</load_address>
         <run_address>0x2000f680</run_address>
         <size>0x10</size>
         <input_file_ref idref="fl-3"/>
      </object_component>
      <object_component id="oc-3e0">
         <name>.const:defaultParams</name>
         <load_address>0x2000f690</load_address>
         <run_address>0x2000f690</run_address>
         <size>0xc</size>
         <input_file_ref idref="fl-f"/>
      </object_component>
      <object_component id="oc-408">
         <name>.const:defaultParams</name>
         <load_address>0x2000f69c</load_address>
         <run_address>0x2000f69c</run_address>
         <size>0xc</size>
         <input_file_ref idref="fl-13"/>
      </object_component>
      <object_component id="oc-40b">
         <name>.const:Timer_config</name>
         <load_address>0x2000f6a8</load_address>
         <run_address>0x2000f6a8</run_address>
         <size>0x8</size>
         <input_file_ref idref="fl-3"/>
      </object_component>
      <object_component id="oc-2a3">
         <name>.const</name>
         <load_address>0x2000f6b0</load_address>
         <run_address>0x2000f6b0</run_address>
         <size>0x8</size>
         <input_file_ref idref="fl-3"/>
      </object_component>
      <object_component id="oc-6c9">
         <name>.cinit..data.load</name>
         <load_address>0x2000f6b8</load_address>
         <run_address>0x2000f6b8</run_address>
         <size>0xd2</size>
      </object_component>
      <object_component id="oc-6c7">
         <name>__TI_handler_table</name>
         <load_address>0x2000f78c</load_address>
         <run_address>0x2000f78c</run_address>
         <size>0xc</size>
      </object_component>
      <object_component id="oc-6ca">
         <name>.cinit..bss.load</name>
         <load_address>0x2000f798</load_address>
         <run_address>0x2000f798</run_address>
         <size>0x8</size>
      </object_component>
      <object_component id="oc-6c8">
         <name>__TI_cinit_table</name>
         <load_address>0x2000f7a0</load_address>
         <run_address>0x2000f7a0</run_address>
         <size>0x10</size>
      </object_component>
      <object_component id="oc-302">
         <name>.data</name>
         <load_address>0x2000f10a</load_address>
         <run_address>0x2000f10a</run_address>
         <size>0x1</size>
         <input_file_ref idref="fl-2"/>
      </object_component>
      <object_component id="oc-569">
         <name>.data:$O1$$</name>
         <load_address>0x2000f0d8</load_address>
         <run_address>0x2000f0d8</run_address>
         <size>0x8</size>
         <input_file_ref idref="fl-2"/>
      </object_component>
      <object_component id="oc-3ac">
         <name>.data:gpioPinConfigs</name>
         <load_address>0x2000f054</load_address>
         <run_address>0x2000f054</run_address>
         <size>0x84</size>
         <input_file_ref idref="fl-3"/>
      </object_component>
      <object_component id="oc-34d">
         <name>.data:parkInfo</name>
         <load_address>0x2000ef5c</load_address>
         <run_address>0x2000ef5c</run_address>
         <size>0xf8</size>
         <input_file_ref idref="fl-3"/>
      </object_component>
      <object_component id="oc-2a0">
         <name>.data</name>
         <load_address>0x2000f108</load_address>
         <run_address>0x2000f108</run_address>
         <size>0x2</size>
         <input_file_ref idref="fl-10"/>
      </object_component>
      <object_component id="oc-26e">
         <name>.data:PowerCC32XX_module</name>
         <load_address>0x2000edf0</load_address>
         <run_address>0x2000edf0</run_address>
         <size>0x16c</size>
         <input_file_ref idref="fl-11"/>
      </object_component>
      <object_component id="oc-390">
         <name>.data</name>
         <load_address>0x2000f105</load_address>
         <run_address>0x2000f105</run_address>
         <size>0x3</size>
         <input_file_ref idref="fl-16"/>
      </object_component>
      <object_component id="oc-4a2">
         <name>.data:SemaphoreP_defaultParams</name>
         <load_address>0x2000f0f0</load_address>
         <run_address>0x2000f0f0</run_address>
         <size>0x8</size>
         <input_file_ref idref="fl-16"/>
      </object_component>
      <object_component id="oc-495">
         <name>.data</name>
         <load_address>0x2000f100</load_address>
         <run_address>0x2000f100</run_address>
         <size>0x5</size>
         <input_file_ref idref="fl-17"/>
      </object_component>
      <object_component id="oc-4e9">
         <name>.data:HwiP_dispatchTable</name>
         <load_address>0x2000eae4</load_address>
         <run_address>0x2000eae4</run_address>
         <size>0x30c</size>
         <input_file_ref idref="fl-18"/>
      </object_component>
      <object_component id="oc-4f2">
         <name>.data</name>
         <load_address>0x2000f0f8</load_address>
         <run_address>0x2000f0f8</run_address>
         <size>0x8</size>
         <input_file_ref idref="fl-18"/>
      </object_component>
      <object_component id="oc-5d6">
         <name>.data:$O1$$</name>
         <load_address>0x2000f0e8</load_address>
         <run_address>0x2000f0e8</run_address>
         <size>0x8</size>
         <input_file_ref idref="fl-df"/>
      </object_component>
      <object_component id="oc-20e">
         <name>.data:$O1$$</name>
         <load_address>0x2000f0e0</load_address>
         <run_address>0x2000f0e0</run_address>
         <size>0x8</size>
         <input_file_ref idref="fl-e7"/>
      </object_component>
      <object_component id="oc-2a9">
         <name>.bss:powerNotifyObj</name>
         <uninitialized>true</uninitialized>
         <run_address>0x2000f3c8</run_address>
         <size>0x14</size>
         <input_file_ref idref="fl-10"/>
      </object_component>
      <object_component id="oc-29f">
         <name>.bss</name>
         <uninitialized>true</uninitialized>
         <run_address>0x2000f3dc</run_address>
         <size>0x4</size>
         <input_file_ref idref="fl-10"/>
      </object_component>
      <object_component id="oc-4ff">
         <name>.bss:timerState</name>
         <uninitialized>true</uninitialized>
         <run_address>0x2000f404</run_address>
         <size>0x4</size>
         <input_file_ref idref="fl-13"/>
      </object_component>
      <object_component id="oc-62d">
         <name>.bss</name>
         <uninitialized>true</uninitialized>
         <run_address>0x2000f400</run_address>
         <size>0x4</size>
         <input_file_ref idref="fl-17"/>
      </object_component>
      <object_component id="oc-56f">
         <name>.bss</name>
         <uninitialized>true</uninitialized>
         <run_address>0x2000f3f0</run_address>
         <size>0xd</size>
         <input_file_ref idref="fl-1b"/>
      </object_component>
      <object_component id="oc-3af">
         <name>.common:gpioCallbackFunctions</name>
         <uninitialized>true</uninitialized>
         <run_address>0x2000f23c</run_address>
         <size>0x84</size>
      </object_component>
      <object_component id="oc-3b0">
         <name>.common:gpioUserArgs</name>
         <uninitialized>true</uninitialized>
         <run_address>0x2000f2c0</run_address>
         <size>0x84</size>
      </object_component>
      <object_component id="oc-546">
         <name>.common:timerCC32XXObjects</name>
         <uninitialized>true</uninitialized>
         <run_address>0x2000f344</run_address>
         <size>0x84</size>
      </object_component>
      <object_component id="oc-642">
         <name>.common:PowerCC32XX_contextSave</name>
         <uninitialized>true</uninitialized>
         <run_address>0x2000f110</run_address>
         <size>0x12c</size>
      </object_component>
      <object_component id="oc-e1">
         <name>.common:ClockP_ctrl</name>
         <uninitialized>true</uninitialized>
         <run_address>0x2000f3e0</run_address>
         <size>0x10</size>
      </object_component>
      <object_component id="oc-2a">
         <name>.sysmem</name>
         <uninitialized>true</uninitialized>
         <run_address>0x20004040</run_address>
         <size>0x10</size>
         <input_file_ref idref="fl-df"/>
      </object_component>
      <object_component id="oc-6cd">
         <name>.sysmem</name>
         <uninitialized>true</uninitialized>
         <run_address>0x20004040</run_address>
         <size>0x0</size>
      </object_component>
      <object_component id="oc-2d">
         <name>.stack</name>
         <uninitialized>true</uninitialized>
         <run_address>0x20003000</run_address>
         <size>0x4</size>
         <input_file_ref idref="fl-e0"/>
      </object_component>
      <object_component id="oc-6cc">
         <name>.stack</name>
         <uninitialized>true</uninitialized>
         <run_address>0x20003000</run_address>
         <size>0x0</size>
      </object_component>
      <object_component id="oc-27">
         <name>.resetVecs:retain</name>
         <load_address>0x20004000</load_address>
         <run_address>0x20004000</run_address>
         <size>0x40</size>
         <input_file_ref idref="fl-1a"/>
      </object_component>
      <object_component id="oc-bb">
         <name>.ramVecs</name>
         <uninitialized>true</uninitialized>
         <run_address>0x20000000</run_address>
         <size>0x30c</size>
         <input_file_ref idref="fl-1a"/>
      </object_component>
      <object_component id="oc-152">
         <name>.debug_info</name>
         <load_address>0x0</load_address>
         <run_address>0x0</run_address>
         <size>0x3e7</size>
         <input_file_ref idref="fl-2"/>
      </object_component>
      <object_component id="oc-303">
         <name>.debug_info</name>
         <load_address>0x3e7</load_address>
         <run_address>0x3e7</run_address>
         <size>0x102</size>
         <input_file_ref idref="fl-2"/>
      </object_component>
      <object_component id="oc-56a">
         <name>.debug_info</name>
         <load_address>0x4e9</load_address>
         <run_address>0x4e9</run_address>
         <size>0x117</size>
         <input_file_ref idref="fl-2"/>
      </object_component>
      <object_component id="oc-424">
         <name>.debug_info</name>
         <load_address>0x600</load_address>
         <run_address>0x600</run_address>
         <size>0x20e</size>
         <input_file_ref idref="fl-2"/>
      </object_component>
      <object_component id="oc-2fc">
         <name>.debug_info</name>
         <load_address>0x80e</load_address>
         <run_address>0x80e</run_address>
         <size>0x18e</size>
         <input_file_ref idref="fl-2"/>
      </object_component>
      <object_component id="oc-1f8">
         <name>.debug_info</name>
         <load_address>0x99c</load_address>
         <run_address>0x99c</run_address>
         <size>0x1bf</size>
         <input_file_ref idref="fl-2"/>
      </object_component>
      <object_component id="oc-166">
         <name>.debug_info</name>
         <load_address>0xb5b</load_address>
         <run_address>0xb5b</run_address>
         <size>0x23c</size>
         <input_file_ref idref="fl-2"/>
      </object_component>
      <object_component id="oc-204">
         <name>.debug_info</name>
         <load_address>0xd97</load_address>
         <run_address>0xd97</run_address>
         <size>0x165</size>
         <input_file_ref idref="fl-2"/>
      </object_component>
      <object_component id="oc-1fe">
         <name>.debug_info</name>
         <load_address>0xefc</load_address>
         <run_address>0xefc</run_address>
         <size>0x165</size>
         <input_file_ref idref="fl-2"/>
      </object_component>
      <object_component id="oc-1ad">
         <name>.debug_info</name>
         <load_address>0x1061</load_address>
         <run_address>0x1061</run_address>
         <size>0x2a7</size>
         <input_file_ref idref="fl-2"/>
      </object_component>
      <object_component id="oc-139">
         <name>.debug_info</name>
         <load_address>0x1308</load_address>
         <run_address>0x1308</run_address>
         <size>0x100</size>
         <input_file_ref idref="fl-2"/>
      </object_component>
      <object_component id="oc-231">
         <name>.debug_info</name>
         <load_address>0x1408</load_address>
         <run_address>0x1408</run_address>
         <size>0xf8</size>
         <input_file_ref idref="fl-2"/>
      </object_component>
      <object_component id="oc-e7">
         <name>.debug_info</name>
         <load_address>0x1500</load_address>
         <run_address>0x1500</run_address>
         <size>0x26b</size>
         <input_file_ref idref="fl-2"/>
      </object_component>
      <object_component id="oc-1bc">
         <name>.debug_info</name>
         <load_address>0x176b</load_address>
         <run_address>0x176b</run_address>
         <size>0xa8</size>
         <input_file_ref idref="fl-2"/>
      </object_component>
      <object_component id="oc-1b2">
         <name>.debug_info</name>
         <load_address>0x1813</load_address>
         <run_address>0x1813</run_address>
         <size>0xa1</size>
         <input_file_ref idref="fl-2"/>
      </object_component>
      <object_component id="oc-22c">
         <name>.debug_info</name>
         <load_address>0x18b4</load_address>
         <run_address>0x18b4</run_address>
         <size>0xb6</size>
         <input_file_ref idref="fl-2"/>
      </object_component>
      <object_component id="oc-10d">
         <name>.debug_info</name>
         <load_address>0x196a</load_address>
         <run_address>0x196a</run_address>
         <size>0x8b</size>
         <input_file_ref idref="fl-2"/>
      </object_component>
      <object_component id="oc-14d">
         <name>.debug_info</name>
         <load_address>0x19f5</load_address>
         <run_address>0x19f5</run_address>
         <size>0x2a4</size>
         <input_file_ref idref="fl-2"/>
      </object_component>
      <object_component id="oc-1b7">
         <name>.debug_info</name>
         <load_address>0x1c99</load_address>
         <run_address>0x1c99</run_address>
         <size>0xef</size>
         <input_file_ref idref="fl-2"/>
      </object_component>
      <object_component id="oc-134">
         <name>.debug_info</name>
         <load_address>0x1d88</load_address>
         <run_address>0x1d88</run_address>
         <size>0xbb</size>
         <input_file_ref idref="fl-2"/>
      </object_component>
      <object_component id="oc-aa">
         <name>.debug_info</name>
         <load_address>0x1e43</load_address>
         <run_address>0x1e43</run_address>
         <size>0x2c</size>
         <input_file_ref idref="fl-2"/>
      </object_component>
      <object_component id="oc-670">
         <name>.debug_info</name>
         <load_address>0x1e6f</load_address>
         <run_address>0x1e6f</run_address>
         <size>0x53</size>
         <input_file_ref idref="fl-2"/>
      </object_component>
      <object_component id="oc-352">
         <name>.debug_info</name>
         <load_address>0x1ec2</load_address>
         <run_address>0x1ec2</run_address>
         <size>0x47a</size>
         <input_file_ref idref="fl-3"/>
      </object_component>
      <object_component id="oc-2a4">
         <name>.debug_info</name>
         <load_address>0x233c</load_address>
         <run_address>0x233c</run_address>
         <size>0x2c3</size>
         <input_file_ref idref="fl-3"/>
      </object_component>
      <object_component id="oc-3ad">
         <name>.debug_info</name>
         <load_address>0x25ff</load_address>
         <run_address>0x25ff</run_address>
         <size>0x11e</size>
         <input_file_ref idref="fl-3"/>
      </object_component>
      <object_component id="oc-2a7">
         <name>.debug_info</name>
         <load_address>0x271d</load_address>
         <run_address>0x271d</run_address>
         <size>0x118</size>
         <input_file_ref idref="fl-3"/>
      </object_component>
      <object_component id="oc-272">
         <name>.debug_info</name>
         <load_address>0x2835</load_address>
         <run_address>0x2835</run_address>
         <size>0x126</size>
         <input_file_ref idref="fl-3"/>
      </object_component>
      <object_component id="oc-548">
         <name>.debug_info</name>
         <load_address>0x295b</load_address>
         <run_address>0x295b</run_address>
         <size>0x126</size>
         <input_file_ref idref="fl-3"/>
      </object_component>
      <object_component id="oc-40c">
         <name>.debug_info</name>
         <load_address>0x2a81</load_address>
         <run_address>0x2a81</run_address>
         <size>0x11a</size>
         <input_file_ref idref="fl-3"/>
      </object_component>
      <object_component id="oc-34e">
         <name>.debug_info</name>
         <load_address>0x2b9b</load_address>
         <run_address>0x2b9b</run_address>
         <size>0x112</size>
         <input_file_ref idref="fl-3"/>
      </object_component>
      <object_component id="oc-1d8">
         <name>.debug_info</name>
         <load_address>0x2cad</load_address>
         <run_address>0x2cad</run_address>
         <size>0x16a</size>
         <input_file_ref idref="fl-3"/>
      </object_component>
      <object_component id="oc-15a">
         <name>.debug_info</name>
         <load_address>0x2e17</load_address>
         <run_address>0x2e17</run_address>
         <size>0x1b0</size>
         <input_file_ref idref="fl-3"/>
      </object_component>
      <object_component id="oc-49d">
         <name>.debug_info</name>
         <load_address>0x2fc7</load_address>
         <run_address>0x2fc7</run_address>
         <size>0x198</size>
         <input_file_ref idref="fl-3"/>
      </object_component>
      <object_component id="oc-33c">
         <name>.debug_info</name>
         <load_address>0x315f</load_address>
         <run_address>0x315f</run_address>
         <size>0x878</size>
         <input_file_ref idref="fl-3"/>
      </object_component>
      <object_component id="oc-43f">
         <name>.debug_info</name>
         <load_address>0x39d7</load_address>
         <run_address>0x39d7</run_address>
         <size>0x62</size>
         <input_file_ref idref="fl-3"/>
      </object_component>
      <object_component id="oc-122">
         <name>.debug_info</name>
         <load_address>0x3a39</load_address>
         <run_address>0x3a39</run_address>
         <size>0x16b</size>
         <input_file_ref idref="fl-4"/>
      </object_component>
      <object_component id="oc-36">
         <name>.debug_info</name>
         <load_address>0x3ba4</load_address>
         <run_address>0x3ba4</run_address>
         <size>0x84</size>
         <input_file_ref idref="fl-4"/>
      </object_component>
      <object_component id="oc-154">
         <name>.debug_info</name>
         <load_address>0x3c28</load_address>
         <run_address>0x3c28</run_address>
         <size>0x18a</size>
         <input_file_ref idref="fl-e"/>
      </object_component>
      <object_component id="oc-1ef">
         <name>.debug_info</name>
         <load_address>0x3db2</load_address>
         <run_address>0x3db2</run_address>
         <size>0x15e</size>
         <input_file_ref idref="fl-e"/>
      </object_component>
      <object_component id="oc-104">
         <name>.debug_info</name>
         <load_address>0x3f10</load_address>
         <run_address>0x3f10</run_address>
         <size>0x2c</size>
         <input_file_ref idref="fl-e"/>
      </object_component>
      <object_component id="oc-ec">
         <name>.debug_info</name>
         <load_address>0x3f3c</load_address>
         <run_address>0x3f3c</run_address>
         <size>0x35</size>
         <input_file_ref idref="fl-e"/>
      </object_component>
      <object_component id="oc-1aa">
         <name>.debug_info</name>
         <load_address>0x3f71</load_address>
         <run_address>0x3f71</run_address>
         <size>0x400</size>
         <input_file_ref idref="fl-f"/>
      </object_component>
      <object_component id="oc-3e1">
         <name>.debug_info</name>
         <load_address>0x4371</load_address>
         <run_address>0x4371</run_address>
         <size>0xdc</size>
         <input_file_ref idref="fl-f"/>
      </object_component>
      <object_component id="oc-507">
         <name>.debug_info</name>
         <load_address>0x444d</load_address>
         <run_address>0x444d</run_address>
         <size>0x1b8</size>
         <input_file_ref idref="fl-f"/>
      </object_component>
      <object_component id="oc-2f7">
         <name>.debug_info</name>
         <load_address>0x4605</load_address>
         <run_address>0x4605</run_address>
         <size>0x1c5</size>
         <input_file_ref idref="fl-f"/>
      </object_component>
      <object_component id="oc-2e5">
         <name>.debug_info</name>
         <load_address>0x47ca</load_address>
         <run_address>0x47ca</run_address>
         <size>0xfd</size>
         <input_file_ref idref="fl-f"/>
      </object_component>
      <object_component id="oc-2eb">
         <name>.debug_info</name>
         <load_address>0x48c7</load_address>
         <run_address>0x48c7</run_address>
         <size>0x120</size>
         <input_file_ref idref="fl-f"/>
      </object_component>
      <object_component id="oc-143">
         <name>.debug_info</name>
         <load_address>0x49e7</load_address>
         <run_address>0x49e7</run_address>
         <size>0x137</size>
         <input_file_ref idref="fl-f"/>
      </object_component>
      <object_component id="oc-13e">
         <name>.debug_info</name>
         <load_address>0x4b1e</load_address>
         <run_address>0x4b1e</run_address>
         <size>0x110</size>
         <input_file_ref idref="fl-f"/>
      </object_component>
      <object_component id="oc-2df">
         <name>.debug_info</name>
         <load_address>0x4c2e</load_address>
         <run_address>0x4c2e</run_address>
         <size>0x5a8</size>
         <input_file_ref idref="fl-10"/>
      </object_component>
      <object_component id="oc-2d3">
         <name>.debug_info</name>
         <load_address>0x51d6</load_address>
         <run_address>0x51d6</run_address>
         <size>0xdc</size>
         <input_file_ref idref="fl-10"/>
      </object_component>
      <object_component id="oc-2dc">
         <name>.debug_info</name>
         <load_address>0x52b2</load_address>
         <run_address>0x52b2</run_address>
         <size>0xe2</size>
         <input_file_ref idref="fl-10"/>
      </object_component>
      <object_component id="oc-2a1">
         <name>.debug_info</name>
         <load_address>0x5394</load_address>
         <run_address>0x5394</run_address>
[...]
      </symbol>
      <symbol id="sm-3c7">
         <name>PowerCC32XX_module</name>
         <value>0x2000edf0</value>
         <object_component_ref idref="oc-26e"/>
      </symbol>
      <symbol id="sm-3c8">
         <name>Power_getTransitionLatency</name>
         <value>0x2000e841</value>
         <object_component_ref idref="oc-461"/>
      </symbol>
      <symbol id="sm-3c9">
         <name>Power_setDependency</name>
         <value>0x2000d5d5</value>
         <object_component_ref idref="oc-2ba"/>
      </symbol>
      <symbol id="sm-3da">
         <name>PowerCC32XX_enterLPDS</name>
         <value>0x2000df45</value>
         <object_component_ref idref="oc-59c"/>
      </symbol>
      <symbol id="sm-3db">
         <name>PowerCC32XX_resumeLPDS</name>
         <value>0x2000da99</value>
         <object_component_ref idref="oc-644"/>
      </symbol>
      <symbol id="sm-47c">
         <name>Timer_open</name>
         <value>0x2000c9e1</value>
         <object_component_ref idref="oc-2ef"/>
      </symbol>
      <symbol id="sm-47d">
         <name>TimerCC32XX_freeTimerResource</name>
         <value>0x2000e435</value>
         <object_component_ref idref="oc-523"/>
      </symbol>
      <symbol id="sm-47e">
         <name>TimerSupport_timerDisable</name>
         <value>0x2000e699</value>
         <object_component_ref idref="oc-5f1"/>
      </symbol>
      <symbol id="sm-47f">
         <name>Timer_close</name>
         <value>0x2000e119</value>
         <object_component_ref idref="oc-3f6"/>
      </symbol>
      <symbol id="sm-480">
         <name>TimerSupport_timerEnable</name>
         <value>0x2000e0d9</value>
         <object_component_ref idref="oc-41c"/>
      </symbol>
      <symbol id="sm-481">
         <name>TimerCC32XX_allocateTimerResource</name>
         <value>0x2000dbdd</value>
         <object_component_ref idref="oc-3e4"/>
      </symbol>
      <symbol id="sm-499">
         <name>List_remove</name>
         <value>0x2000e64f</value>
         <object_component_ref idref="oc-5f8"/>
      </symbol>
      <symbol id="sm-49a">
         <name>List_put</name>
         <value>0x2000e629</value>
         <object_component_ref idref="oc-394"/>
      </symbol>
      <symbol id="sm-525">
         <name>SemaphoreP_defaultParams</name>
         <value>0x2000f0f0</value>
         <object_component_ref idref="oc-4a2"/>
      </symbol>
      <symbol id="sm-526">
         <name>SemaphoreP_construct</name>
         <value>0x2000db8d</value>
         <object_component_ref idref="oc-4a6"/>
      </symbol>
      <symbol id="sm-527">
         <name>SemaphoreP_create</name>
         <value>0x2000e8e5</value>
         <object_component_ref idref="oc-35a"/>
      </symbol>
      <symbol id="sm-528">
         <name>SemaphoreP_destruct</name>
         <value>0x2000e24b</value>
         <object_component_ref idref="oc-51d"/>
      </symbol>
      <symbol id="sm-529">
         <name>SemaphoreP_post</name>
         <value>0x2000df89</value>
         <object_component_ref idref="oc-299"/>
      </symbol>
      <symbol id="sm-52a">
         <name>SemaphoreP_pend</name>
         <value>0x2000cfbd</value>
         <object_component_ref idref="oc-28d"/>
      </symbol>
      <symbol id="sm-52b">
         <name>SemaphoreP_delete</name>
         <value>0x2000eacf</value>
         <object_component_ref idref="oc-287"/>
      </symbol>
      <symbol id="sm-52c">
         <name>SemaphoreP_createBinary</name>
         <value>0x2000e809</value>
         <object_component_ref idref="oc-275"/>
      </symbol>
      <symbol id="sm-52d">
         <name>SemaphoreP_constructBinary</name>
         <value>0x2000e721</value>
         <object_component_ref idref="oc-3ea"/>
      </symbol>
      <symbol id="sm-52e">
         <name>SemaphoreP_Params_init</name>
         <value>0x2000ea1d</value>
         <object_component_ref idref="oc-354"/>
      </symbol>
      <symbol id="sm-52f">
         <name>clkFxn</name>
         <value>0x2000e83f</value>
         <object_component_ref idref="oc-38a"/>
      </symbol>
      <symbol id="sm-5f2">
         <name>ClockP_ctrl</name>
         <value>0x2000f3e0</value>
      </symbol>
      <symbol id="sm-5f3">
         <name>ClockP_doTick</name>
         <value>0x2000eac7</value>
         <object_component_ref idref="oc-489"/>
      </symbol>
      <symbol id="sm-5f4">
         <name>ClockP_startup</name>
         <value>0x2000e3cd</value>
         <object_component_ref idref="oc-57b"/>
      </symbol>
      <symbol id="sm-5f5">
         <name>ClockP_stop</name>
         <value>0x2000debd</value>
         <object_component_ref idref="oc-4ce"/>
      </symbol>
      <symbol id="sm-5f6">
         <name>ClockP_getTicksUntilInterrupt</name>
         <value>0x2000e399</value>
         <object_component_ref idref="oc-45b"/>
      </symbol>
      <symbol id="sm-5f7">
         <name>ClockP_setTicks</name>
         <value>0x2000e9dd</value>
         <object_component_ref idref="oc-483"/>
      </symbol>
      <symbol id="sm-5f8">
         <name>ClockP_tickPeriod</name>
         <value>0x2000f100</value>
         <object_component_ref idref="oc-495"/>
      </symbol>
      <symbol id="sm-5f9">
         <name>ClockP_getSystemTicks</name>
         <value>0x2000e9cd</value>
         <object_component_ref idref="oc-467"/>
      </symbol>
      <symbol id="sm-5fa">
         <name>ClockP_destruct</name>
         <value>0x2000e199</value>
         <object_component_ref idref="oc-384"/>
      </symbol>
      <symbol id="sm-5fb">
         <name>ClockP_start</name>
         <value>0x2000e4d1</value>
         <object_component_ref idref="oc-372"/>
      </symbol>
      <symbol id="sm-5fc">
         <name>ClockP_sysTickHandler</name>
         <value>0x2000db3d</value>
         <object_component_ref idref="oc-79"/>
      </symbol>
      <symbol id="sm-5fd">
         <name>ClockP_isActive</name>
         <value>0x2000eaa5</value>
         <object_component_ref idref="oc-37e"/>
      </symbol>
      <symbol id="sm-5fe">
         <name>ClockP_getCpuFreq</name>
         <value>0x2000e9bd</value>
         <object_component_ref idref="oc-3f0"/>
      </symbol>
      <symbol id="sm-5ff">
         <name>ClockP_add</name>
         <value>0x2000e9ab</value>
         <object_component_ref idref="oc-36c"/>
      </symbol>
      <symbol id="sm-688">
         <name>HwiP_delete</name>
         <value>0x2000e9ed</value>
         <object_component_ref idref="oc-517"/>
      </symbol>
      <symbol id="sm-689">
         <name>HwiP_construct</name>
         <value>0x2000d2b1</value>
         <object_component_ref idref="oc-3c5"/>
      </symbol>
      <symbol id="sm-68a">
         <name>HwiP_inISR</name>
         <value>0x2000e925</value>
         <object_component_ref idref="oc-39b"/>
      </symbol>
      <symbol id="sm-68b">
         <name>HwiP_dispatch</name>
         <value>0x2000e675</value>
         <object_component_ref idref="oc-4ec"/>
      </symbol>
      <symbol id="sm-68c">
         <name>HwiP_destruct</name>
         <value>0x2000e6e1</value>
         <object_component_ref idref="oc-600"/>
      </symbol>
      <symbol id="sm-68d">
         <name>HwiP_clearInterrupt</name>
         <value>0x2000ea3d</value>
         <object_component_ref idref="oc-511"/>
      </symbol>
      <symbol id="sm-68e">
         <name>HwiP_swiPIntNum</name>
         <value>0x2000f0fc</value>
         <object_component_ref idref="oc-4f2"/>
      </symbol>
      <symbol id="sm-68f">
         <name>HwiP_Params_init</name>
         <value>0x2000e975</value>
         <object_component_ref idref="oc-2c0"/>
      </symbol>
      <symbol id="sm-690">
         <name>HwiP_disable</name>
         <value>0x2000ea4b</value>
         <object_component_ref idref="oc-27b"/>
      </symbol>
      <symbol id="sm-691">
         <name>HwiP_key</name>
         <value>0x2000f0f8</value>
         <object_component_ref idref="oc-4f2"/>
      </symbol>
      <symbol id="sm-692">
         <name>HwiP_create</name>
         <value>0x2000e531</value>
         <object_component_ref idref="oc-2c6"/>
      </symbol>
      <symbol id="sm-693">
         <name>HwiP_post</name>
         <value>0x2000eacb</value>
         <object_component_ref idref="oc-5c3"/>
      </symbol>
      <symbol id="sm-694">
         <name>HwiP_enable</name>
         <value>0x2000ea59</value>
         <object_component_ref idref="oc-15f"/>
      </symbol>
      <symbol id="sm-695">
         <name>HwiP_restore</name>
         <value>0x2000e9fd</value>
         <object_component_ref idref="oc-281"/>
      </symbol>
      <symbol id="sm-6c5">
         <name>PowerCC32XX_initPolicy</name>
         <value>0x2000debb</value>
         <object_component_ref idref="oc-341"/>
      </symbol>
      <symbol id="sm-6c6">
         <name>PowerCC32XX_sleepPolicy</name>
         <value>0x2000c46d</value>
         <object_component_ref idref="oc-347"/>
      </symbol>
      <symbol id="sm-716">
         <name>resetISR</name>
         <value>0x2000e825</value>
         <object_component_ref idref="oc-21"/>
      </symbol>
      <symbol id="sm-717">
         <name>resetVectorAddr</name>
         <value>0x2000e838</value>
         <object_component_ref idref="oc-21"/>
      </symbol>
      <symbol id="sm-718">
         <name>initVectors</name>
         <value>0x2000e2bd</value>
         <object_component_ref idref="oc-59"/>
      </symbol>
      <symbol id="sm-719">
         <name>resetVectors</name>
         <value>0x20004000</value>
         <object_component_ref idref="oc-27"/>
      </symbol>
      <symbol id="sm-749">
         <name>SwiP_disable</name>
         <value>0x2000e7b5</value>
         <object_component_ref idref="oc-44f"/>
      </symbol>
      <symbol id="sm-74a">
         <name>SwiP_restore</name>
         <value>0x2000dfcd</value>
         <object_component_ref idref="oc-48f"/>
      </symbol>
      <symbol id="sm-755">
         <name>CPUcpsid</name>
         <value>0x2000e90f</value>
         <object_component_ref idref="oc-a3"/>
      </symbol>
      <symbol id="sm-79a">
         <name>IntVTableBaseSet</name>
         <value>0x2000e939</value>
         <object_component_ref idref="oc-af"/>
      </symbol>
      <symbol id="sm-79b">
         <name>IntEnable</name>
         <value>0x2000ce6d</value>
         <object_component_ref idref="oc-b5"/>
      </symbol>
      <symbol id="sm-79c">
         <name>IntMasterDisable</name>
         <value>0x2000eaaf</value>
         <object_component_ref idref="oc-53"/>
      </symbol>
      <symbol id="sm-79d">
         <name>IntPendSet</name>
         <value>0x2000d33d</value>
         <object_component_ref idref="oc-667"/>
      </symbol>
      <symbol id="sm-7d7">
         <name>PinModeGet</name>
         <value>0x2000e401</value>
         <object_component_ref idref="oc-25b"/>
      </symbol>
      <symbol id="sm-7d8">
         <name>PinConfigSet</name>
         <value>0x2000d3c5</value>
         <object_component_ref idref="oc-2b4"/>
      </symbol>
      <symbol id="sm-7d9">
         <name>PinModeSet</name>
         <value>0x2000e099</value>
         <object_component_ref idref="oc-261"/>
      </symbol>
      <symbol id="sm-7da">
         <name>PinToPadGet</name>
         <value>0x2000e799</value>
         <object_component_ref idref="oc-635"/>
      </symbol>
      <symbol id="sm-8a3">
         <name>PRCMLPDSRestoreInfoSet</name>
         <value>0x2000df01</value>
         <object_component_ref idref="oc-649"/>
      </symbol>
      <symbol id="sm-8a4">
         <name>PRCMPeripheralReset</name>
         <value>0x2000d9e9</value>
         <object_component_ref idref="oc-24f"/>
      </symbol>
      <symbol id="sm-8a5">
         <name>PRCMLPDSEnter</name>
         <value>0x2000dd9d</value>
         <object_component_ref idref="oc-5b3"/>
      </symbol>
      <symbol id="sm-8a6">
         <name>PRCMPeripheralClkEnable</name>
         <value>0x2000dde5</value>
         <object_component_ref idref="oc-249"/>
      </symbol>
      <symbol id="sm-8a7">
         <name>PRCMLPDSEnterKeepDebugIf</name>
         <value>0x2000e24d</value>
         <object_component_ref idref="oc-5b9"/>
      </symbol>
      <symbol id="sm-8a8">
         <name>PRCMCC3200MCUInit</name>
         <value>0x2000c041</value>
         <object_component_ref idref="oc-1c5"/>
      </symbol>
      <symbol id="sm-8a9">
         <name>PRCMHIBRegWrite</name>
         <value>0x2000e8cf</value>
         <object_component_ref idref="oc-23d"/>
      </symbol>
      <symbol id="sm-8aa">
         <name>PRCMSysResetCauseGet</name>
         <value>0x2000d92d</value>
         <object_component_ref idref="oc-236"/>
      </symbol>
      <symbol id="sm-8ab">
         <name>PRCMPeripheralClkDisable</name>
         <value>0x2000e5b1</value>
         <object_component_ref idref="oc-255"/>
      </symbol>
      <symbol id="sm-8ac">
         <name>PRCMHIBRegRead</name>
         <value>0x2000e8b9</value>
         <object_component_ref idref="oc-243"/>
      </symbol>
      <symbol id="sm-8f4">
         <name>TimerLoadSet</name>
         <value>0x2000e55b</value>
         <object_component_ref idref="oc-537"/>
      </symbol>
      <symbol id="sm-8f5">
         <name>TimerDisable</name>
         <value>0x2000e73f</value>
         <object_component_ref idref="oc-52b"/>
      </symbol>
      <symbol id="sm-8f6">
         <name>TimerEnable</name>
         <value>0x2000e75d</value>
         <object_component_ref idref="oc-562"/>
      </symbol>
      <symbol id="sm-8f7">
         <name>TimerIntDisable</name>
         <value>0x2000e871</value>
         <object_component_ref idref="oc-679"/>
      </symbol>
      <symbol id="sm-8f8">
         <name>TimerPrescaleSet</name>
         <value>0x2000e585</value>
         <object_component_ref idref="oc-531"/>
      </symbol>
      <symbol id="sm-8f9">
         <name>TimerControlStall</name>
         <value>0x2000e32d</value>
         <object_component_ref idref="oc-53d"/>
      </symbol>
      <symbol id="sm-8fa">
         <name>TimerIntEnable</name>
         <value>0x2000e889</value>
         <object_component_ref idref="oc-556"/>
      </symbol>
      <symbol id="sm-8fb">
         <name>TimerIntClear</name>
         <value>0x2000e987</value>
         <object_component_ref idref="oc-54d"/>
      </symbol>
      <symbol id="sm-8ff">
         <name>UtilsDelay</name>
         <value>0x2000eac1</value>
         <object_component_ref idref="oc-23c"/>
      </symbol>
      <symbol id="sm-90f">
         <name>FlashDisable</name>
         <value>0x2000dcc5</value>
         <object_component_ref idref="oc-65f"/>
      </symbol>
      <symbol id="sm-918">
         <name>__aeabi_lmul</name>
         <value>0x2000e8a1</value>
         <object_component_ref idref="oc-47e"/>
      </symbol>
      <symbol id="sm-933">
         <name>memcpy</name>
         <value>0x2000d05d</value>
         <object_component_ref idref="oc-3b"/>
      </symbol>
      <symbol id="sm-934">
         <name>__aeabi_memcpy</name>
         <value>0x2000d05d</value>
         <object_component_ref idref="oc-3b"/>
      </symbol>
      <symbol id="sm-935">
         <name>__aeabi_memcpy8</name>
         <value>0x2000d05d</value>
         <object_component_ref idref="oc-3b"/>
      </symbol>
      <symbol id="sm-936">
         <name>__aeabi_memcpy4</name>
         <value>0x2000d05d</value>
         <object_component_ref idref="oc-3b"/>
      </symbol>
      <symbol id="sm-943">
         <name>__aeabi_uldivmod</name>
         <value>0x2000d0f9</value>
         <object_component_ref idref="oc-473"/>
      </symbol>
      <symbol id="sm-957">
         <name>__TI_zero_init_nomemset</name>
         <value>0x2000e7d1</value>
         <object_component_ref idref="oc-47"/>
      </symbol>
      <symbol id="sm-96e">
         <name>__TI_decompress_none</name>
         <value>0x2000ea67</value>
         <object_component_ref idref="oc-1a"/>
      </symbol>
      <symbol id="sm-991">
         <name>__TI_decompress_lzss</name>
         <value>0x2000d739</value>
         <object_component_ref idref="oc-14"/>
      </symbol>
      <symbol id="sm-a1a">
         <name>_sys_memory</name>
         <value>0x20004040</value>
         <object_component_ref idref="oc-2a"/>
      </symbol>
      <symbol id="sm-a1b">
         <name>free</name>
         <value>0x2000cc19</value>
         <object_component_ref idref="oc-365"/>
      </symbol>
      <symbol id="sm-a1c">
         <name>memalign</name>
         <value>0x2000cb19</value>
         <object_component_ref idref="oc-4e2"/>
      </symbol>
      <symbol id="sm-a1d">
         <name>malloc</name>
         <value>0x2000eab9</value>
         <object_component_ref idref="oc-3bf"/>
      </symbol>
      <symbol id="sm-a1e">
         <name>aligned_alloc</name>
         <value>0x2000cb19</value>
         <object_component_ref idref="oc-4e2"/>
      </symbol>
      <symbol id="sm-a30">
         <name>__stack</name>
         <value>0x20003000</value>
         <object_component_ref idref="oc-2d"/>
      </symbol>
      <symbol id="sm-a31">
         <name>_c_int00_noargs</name>
         <value>0x2000e6bd</value>
         <object_component_ref idref="oc-c5"/>
      </symbol>
      <symbol id="sm-a3b">
         <name>__aeabi_idiv0</name>
         <value>0x2000eae1</value>
         <object_component_ref idref="oc-584"/>
      </symbol>
      <symbol id="sm-a3c">
         <name>__aeabi_ldiv0</name>
         <value>0x2000eae1</value>
         <object_component_ref idref="oc-584"/>
      </symbol>
      <symbol id="sm-a65">
         <name>__TI_auto_init_nobinit_nopinit</name>
         <value>0x2000e055</value>
         <object_component_ref idref="oc-178"/>
      </symbol>
      <symbol id="sm-a6f">
         <name>_system_pre_init</name>
         <value>0x2000ead3</value>
         <object_component_ref idref="oc-119"/>
      </symbol>
      <symbol id="sm-a7b">
         <name>C$$EXIT</name>
         <value>0x2000ead7</value>
         <object_component_ref idref="oc-16c"/>
      </symbol>
      <symbol id="sm-a7c">
         <name>abort</name>
         <value>0x2000ead7</value>
         <object_component_ref idref="oc-16c"/>
      </symbol>
      <symbol id="sm-a91">
         <name>_nop</name>
         <value>0x2000e77b</value>
         <object_component_ref idref="oc-309"/>
      </symbol>
      <symbol id="sm-a92">
         <name>_lock</name>
         <value>0x2000f0e0</value>
         <object_component_ref idref="oc-20e"/>
      </symbol>
      <symbol id="sm-a93">
         <name>_unlock</name>
         <value>0x2000f0e4</value>
         <object_component_ref idref="oc-20e"/>
      </symbol>
      <symbol id="sm-a95">
         <name>__TI_static_base__</name>
         <value>0x2000f6b8</value>
      </symbol>
      <symbol id="sm-a98">
         <name>ITM_flush</name>
         <value>0x0</value>
      </symbol>
      <symbol id="sm-a99">
         <name>ITM_restore</name>
         <value>0x0</value>
      </symbol>
      <symbol id="sm-a9a">
         <name>__mpu_init</name>
         <value>0x0</value>
      </symbol>
      <symbol id="sm-a9b">
         <name>_system_post_cinit</name>
         <value>0x0</value>
      </symbol>
      <symbol id="sm-a9c">
         <name>NoRTOS_start</name>
         <value>0x2000ea59</value>
      </symbol>
   </symbol_table>
   <title>Link successful</title>
</link_info>
